Your Tinker SDK version is outdated. Please upgrade to the latest version.
Warning: You are sending unauthenticated requests to the HF Hub. Please set a HF_TOKEN to enable higher rate limits and faster downloads.
[cap] refsoup_001 seed=1 cap=5: score=0.03 rounds=5 by=final_answer (52.578s)
[cap] refsoup_003 seed=1 cap=5: score=0.03 rounds=5 by=final_answer (22.631s)
[cap] refsoup_004 seed=1 cap=5: score=0.03 rounds=5 by=final_answer (33.071s)
[cap] refsoup_005 seed=1 cap=5: score=0.03 rounds=5 by=final_answer (51.074s)
[cap] refsoup_006 seed=1 cap=5: score=0.03 rounds=5 by=final_answer (22.347s)
[cap] refsoup_008 seed=1 cap=5: score=0.03 rounds=5 by=final_answer (19.381s)
[cap] refsoup_009 seed=1 cap=5: score=0.07 rounds=5 by=final_answer (44.148s)
[cap] refsoup_010 seed=1 cap=5: score=0.03 rounds=5 by=final_answer (53.508s)
[cap] refsoup_012 seed=1 cap=5: score=0.12 rounds=5 by=final_answer (24.042s)
[cap] refsoup_013 seed=1 cap=5: score=0.12 rounds=5 by=final_answer (89.941s)
[cap] refsoup_017 seed=1 cap=5: score=0.12 rounds=5 by=final_answer (25.156s)
[cap] refsoup_019 seed=1 cap=5: score=0.12 rounds=5 by=final_answer (60.372s)
[cap] refsoup_021 seed=1 cap=5: score=0.12 rounds=5 by=final_answer (40.308s)
[cap] refsoup_022 seed=1 cap=5: score=0.12 rounds=5 by=final_answer (41.139s)
[cap] refsoup_023 seed=1 cap=5: score=0.01 rounds=5 by=final_answer (23.839s)
[cap] refsoup_024 seed=1 cap=5: score=0.00 rounds=5 by=final_answer (64.204s)
[cap] refsoup_026 seed=1 cap=5: score=0.03 rounds=5 by=final_answer (40.653s)
[cap] refsoup_027 seed=1 cap=5: score=0.01 rounds=5 by=final_answer (24.558s)
[cap] refsoup_028 seed=1 cap=5: score=0.03 rounds=5 by=final_answer (34.95s)
[cap] refsoup_029 seed=1 cap=5: score=0.03 rounds=5 by=final_answer (44.234s)
[cap] refsoup_030 seed=1 cap=5: score=0.03 rounds=5 by=final_answer (33.04s)
[cap] refsoup_031 seed=1 cap=5: score=0.03 rounds=5 by=final_answer (20.911s)
[cap] refsoup_001 seed=1 cap=10: score=0.03 rounds=10 by=final_answer (50.812s)
[cap] refsoup_003 seed=1 cap=10: score=0.03 rounds=10 by=final_answer (66.528s)
[cap] refsoup_004 seed=1 cap=10: score=0.01 rounds=10 by=final_answer (49.21s)
[cap] refsoup_005 seed=1 cap=10: score=0.12 rounds=10 by=final_answer (69.777s)
[cap] refsoup_006 seed=1 cap=10: score=0.03 rounds=10 by=final_answer (66.069s)
[cap] refsoup_008 seed=1 cap=10: score=0.03 rounds=10 by=final_answer (95.983s)
[cap] refsoup_009 seed=1 cap=10: score=0.03 rounds=10 by=final_answer (61.657s)
[cap] refsoup_010 seed=1 cap=10: score=0.03 rounds=10 by=final_answer (78.198s)
[cap] refsoup_012 seed=1 cap=10: score=0.03 rounds=10 by=final_answer (36.639s)
[cap] refsoup_013 seed=1 cap=10: score=0.12 rounds=10 by=final_answer (94.733s)
[cap] refsoup_017 seed=1 cap=10: score=0.03 rounds=10 by=final_answer (93.39s)
[cap] refsoup_019 seed=1 cap=10: score=0.12 rounds=10 by=final_answer (83.092s)
[cap] refsoup_021 seed=1 cap=10: score=0.12 rounds=10 by=final_answer (77.54s)
[cap] refsoup_022 seed=1 cap=10: score=0.03 rounds=10 by=final_answer (120.529s)
[cap] refsoup_023 seed=1 cap=10: score=0.03 rounds=10 by=final_answer (80.719s)
[cap] refsoup_024 seed=1 cap=10: score=0.01 rounds=10 by=final_answer (86.704s)
[cap] refsoup_026 seed=1 cap=10: score=0.03 rounds=10 by=final_answer (70.671s)
[cap] refsoup_027 seed=1 cap=10: score=0.12 rounds=10 by=final_answer (74.359s)
[cap] refsoup_028 seed=1 cap=10: score=0.00 rounds=7 by=token_budget (103.902s)
[cap] refsoup_029 seed=1 cap=10: score=0.03 rounds=10 by=final_answer (58.49s)
[cap] refsoup_030 seed=1 cap=10: score=0.03 rounds=10 by=final_answer (52.304s)
[cap] refsoup_031 seed=1 cap=10: score=0.12 rounds=10 by=final_answer (41.157s)
[cap] refsoup_001 seed=1 cap=15: score=0.00 rounds=14 by=token_budget (114.174s)
[cap] refsoup_003 seed=1 cap=15: score=0.03 rounds=15 by=final_answer (55.618s)
[cap] refsoup_004 seed=1 cap=15: score=0.01 rounds=15 by=final_answer (115.826s)
[cap] refsoup_005 seed=1 cap=15: score=0.03 rounds=15 by=final_answer (141.867s)
[cap] refsoup_006 seed=1 cap=15: score=0.03 rounds=15 by=final_answer (115.013s)
[cap] refsoup_008 seed=1 cap=15: score=0.12 rounds=15 by=final_answer (73.216s)
[cap] refsoup_009 seed=1 cap=15: score=0.12 rounds=15 by=final_answer (96.65s)
[cap] refsoup_010 seed=1 cap=15: score=0.03 rounds=15 by=final_answer (107.133s)
[cap] refsoup_012 seed=1 cap=15: score=0.12 rounds=15 by=final_answer (70.275s)
[cap] refsoup_013 seed=1 cap=15: score=0.07 rounds=15 by=final_answer (100.479s)
[cap] refsoup_017 seed=1 cap=15: score=0.00 rounds=11 by=token_budget (164.814s)
[cap] refsoup_019 seed=1 cap=15: score=0.03 rounds=15 by=final_answer (140.936s)
[cap] refsoup_021 seed=1 cap=15: score=0.03 rounds=15 by=final_answer (111.842s)
[cap] refsoup_022 seed=1 cap=15: score=0.03 rounds=15 by=final_answer (146.631s)
[cap] refsoup_023 seed=1 cap=15: score=0.03 rounds=15 by=final_answer (128.595s)
[cap] refsoup_024 seed=1 cap=15: score=0.01 rounds=15 by=final_answer (147.578s)
[cap] refsoup_026 seed=1 cap=15: score=0.03 rounds=15 by=final_answer (91.323s)
[cap] refsoup_027 seed=1 cap=15: score=0.03 rounds=15 by=final_answer (132.118s)
[cap] refsoup_028 seed=1 cap=15: score=0.00 rounds=13 by=token_budget (111.504s)
[cap] refsoup_029 seed=1 cap=15: score=0.15 rounds=15 by=final_answer (157.857s)
[cap] refsoup_030 seed=1 cap=15: score=0.03 rounds=15 by=final_answer (172.516s)
[cap] refsoup_031 seed=1 cap=15: score=0.03 rounds=15 by=final_answer (78.143s)
[cap] refsoup_001 seed=1 cap=20: score=0.00 rounds=12 by=token_budget (122.649s)
[cap] refsoup_003 seed=1 cap=20: score=0.03 rounds=20 by=final_answer (129.874s)
[cap] refsoup_004 seed=1 cap=20: score=0.00 rounds=19 by=token_budget (197.273s)
[cap] refsoup_005 seed=1 cap=20: score=0.00 rounds=19 by=token_budget (138.944s)
[cap] refsoup_006 seed=1 cap=20: score=0.03 rounds=20 by=final_answer (128.273s)
[cap] refsoup_008 seed=1 cap=20: score=0.00 rounds=16 by=token_budget (185.684s)
[cap] refsoup_009 seed=1 cap=20: score=0.00 rounds=17 by=token_budget (138.732s)
[cap] refsoup_010 seed=1 cap=20: score=0.00 rounds=16 by=token_budget (162.351s)
[cap] refsoup_012 seed=1 cap=20: score=0.00 rounds=10 by=token_budget (159.772s)
[cap] refsoup_013 seed=1 cap=20: score=0.00 rounds=15 by=token_budget (115.713s)
[cap] refsoup_017 seed=1 cap=20: score=0.12 rounds=20 by=final_answer (184.59s)
[cap] refsoup_019 seed=1 cap=20: score=0.03 rounds=20 by=final_answer (126.983s)
[cap] refsoup_021 seed=1 cap=20: score=0.00 rounds=20 by=final_answer (135.508s)
[cap] refsoup_022 seed=1 cap=20: score=0.00 rounds=18 by=token_budget (118.663s)
[cap] refsoup_023 seed=1 cap=20: score=0.00 rounds=15 by=token_budget (260.063s)
[cap] refsoup_024 seed=1 cap=20: score=0.03 rounds=20 by=final_answer (107.335s)
[cap] refsoup_026 seed=1 cap=20: score=0.00 rounds=16 by=token_budget (146.363s)
[cap] refsoup_027 seed=1 cap=20: score=0.00 rounds=14 by=token_budget (105.707s)
[cap] refsoup_028 seed=1 cap=20: score=0.00 rounds=7 by=token_budget (288.028s)
[cap] refsoup_029 seed=1 cap=20: score=0.00 rounds=15 by=token_budget (201.746s)
[cap] refsoup_030 seed=1 cap=20: score=0.03 rounds=20 by=final_answer (118.476s)
[cap] refsoup_031 seed=1 cap=20: score=0.12 rounds=20 by=final_answer (97.376s)
[cap] refsoup_001 seed=1 cap=25: score=0.00 rounds=18 by=token_budget (191.06s)
[cap] refsoup_003 seed=1 cap=25: score=0.00 rounds=19 by=token_budget (106.858s)
[cap] refsoup_004 seed=1 cap=25: score=0.00 rounds=24 by=token_budget (241.486s)
[cap] refsoup_005 seed=1 cap=25: score=0.00 rounds=18 by=token_budget (140.356s)
[cap] refsoup_006 seed=1 cap=25: score=0.00 rounds=17 by=token_budget (211.123s)
[cap] refsoup_008 seed=1 cap=25: score=0.12 rounds=25 by=final_answer (115.37s)
[cap] refsoup_009 seed=1 cap=25: score=0.03 rounds=25 by=final_answer (130.335s)
[cap] refsoup_010 seed=1 cap=25: score=0.03 rounds=14 by=final_answer (84.42s)
[cap] refsoup_012 seed=1 cap=25: score=0.00 rounds=13 by=token_budget (227.849s)
[cap] refsoup_013 seed=1 cap=25: score=0.00 rounds=14 by=token_budget (173.319s)
[cap] refsoup_017 seed=1 cap=25: score=0.00 rounds=12 by=token_budget (344.709s)
[cap] refsoup_019 seed=1 cap=25: score=0.03 rounds=25 by=final_answer (140.211s)
[cap] refsoup_021 seed=1 cap=25: score=0.00 rounds=16 by=token_budget (360.264s)
[cap] refsoup_022 seed=1 cap=25: score=0.00 rounds=22 by=token_budget (244.091s)
[cap] refsoup_023 seed=1 cap=25: score=0.03 rounds=7 by=final_answer (130.112s)
[cap] refsoup_024 seed=1 cap=25: score=0.00 rounds=20 by=token_budget (179.68s)
[cap] refsoup_026 seed=1 cap=25: score=0.00 rounds=13 by=token_budget (189.585s)
[cap] refsoup_027 seed=1 cap=25: score=0.00 rounds=21 by=token_budget (142.153s)
[cap] refsoup_028 seed=1 cap=25: score=0.00 rounds=17 by=token_budget (160.536s)
[cap] refsoup_029 seed=1 cap=25: score=0.26 rounds=25 by=final_answer (179.815s)
[cap] refsoup_030 seed=1 cap=25: score=0.00 rounds=19 by=token_budget (236.503s)
[cap] refsoup_031 seed=1 cap=25: score=0.00 rounds=24 by=token_budget (205.023s)
[cap] refsoup_001 seed=1 cap=30: score=0.00 rounds=19 by=token_budget (83.824s)
[cap] refsoup_003 seed=1 cap=30: score=0.00 rounds=15 by=token_budget (330.663s)
[cap] refsoup_004 seed=1 cap=30: score=0.03 rounds=30 by=final_answer (164.439s)
[cap] refsoup_005 seed=1 cap=30: score=0.00 rounds=17 by=token_budget (150.179s)
[cap] refsoup_006 seed=1 cap=30: score=0.00 rounds=14 by=token_budget (216.908s)
[cap] refsoup_008 seed=1 cap=30: score=0.00 rounds=21 by=token_budget (169.577s)
[cap] refsoup_009 seed=1 cap=30: score=0.00 rounds=19 by=token_budget (245.37s)
[cap] refsoup_010 seed=1 cap=30: score=0.00 rounds=12 by=token_budget (243.22s)
[cap] refsoup_012 seed=1 cap=30: score=0.00 rounds=15 by=token_budget (321.432s)
[cap] refsoup_013 seed=1 cap=30: score=0.00 rounds=24 by=token_budget (140.771s)
[cap] refsoup_017 seed=1 cap=30: score=0.00 rounds=19 by=token_budget (145.309s)
[cap] refsoup_019 seed=1 cap=30: score=0.00 rounds=17 by=token_budget (119.343s)
[cap] refsoup_021 seed=1 cap=30: score=0.00 rounds=20 by=token_budget (195.09s)
[cap] refsoup_022 seed=1 cap=30: score=0.00 rounds=13 by=token_budget (236.818s)
[cap] refsoup_023 seed=1 cap=30: score=0.00 rounds=26 by=token_budget (226.077s)
[cap] refsoup_024 seed=1 cap=30: score=0.00 rounds=22 by=token_budget (170.379s)
[cap] refsoup_026 seed=1 cap=30: score=0.00 rounds=8 by=token_budget (284.4s)
[cap] refsoup_027 seed=1 cap=30: score=0.00 rounds=23 by=token_budget (179.179s)
[cap] refsoup_028 seed=1 cap=30: score=0.00 rounds=7 by=token_budget (309.614s)
[cap] refsoup_029 seed=1 cap=30: score=0.00 rounds=18 by=token_budget (195.173s)
[cap] refsoup_030 seed=1 cap=30: score=0.00 rounds=23 by=token_budget (291.037s)
[cap] refsoup_031 seed=1 cap=30: score=0.00 rounds=22 by=token_budget (265.688s)
Report: results/grid_2026_09/Qwen_Qwen3.5-4B_s1/caps/round_cap_sweep.json
HTML:   results/grid_2026_09/Qwen_Qwen3.5-4B_s1/caps/round_cap_sweep.html
