Warning: You are sending unauthenticated requests to the HF Hub. Please set a HF_TOKEN to enable higher rate limits and faster downloads.
[curve] refsoup_001 seed=1: rounds=30 end=None (1042.931s)
[curve] refsoup_003 seed=1: rounds=30 end=None (469.231s)
[curve] refsoup_004 seed=1: rounds=30 end=None (472.909s)
[curve] refsoup_005 seed=1: rounds=30 end=None (376.939s)
[curve] refsoup_006 seed=1: rounds=30 end=None (683.287s)
[curve] refsoup_008 seed=1: rounds=26 end=26 (336.287s)
[curve] refsoup_009 seed=1: rounds=30 end=None (710.861s)
[curve] refsoup_010 seed=1: rounds=30 end=None (480.629s)
[curve] refsoup_012 seed=1: rounds=30 end=None (363.74s)
[curve] refsoup_013 seed=1: rounds=30 end=None (555.716s)
[curve] refsoup_017 seed=1: rounds=30 end=None (810.312s)
[curve] refsoup_019 seed=1: rounds=30 end=None (399.96s)
[curve] refsoup_021 seed=1: rounds=30 end=None (651.738s)
[curve] refsoup_022 seed=1: rounds=30 end=None (321.63s)
[curve] refsoup_023 seed=1: rounds=30 end=None (513.378s)
[curve] refsoup_024 seed=1: rounds=30 end=None (520.978s)
[curve] refsoup_026 seed=1: rounds=30 end=None (486.481s)
[curve] refsoup_027 seed=1: rounds=30 end=None (725.994s)
[curve] refsoup_028 seed=1: rounds=30 end=None (504.567s)
[curve] refsoup_029 seed=1: rounds=30 end=None (546.462s)
[curve] refsoup_030 seed=1: rounds=30 end=None (593.938s)
[curve] refsoup_031 seed=1: rounds=30 end=None (367.962s)
Report: results/grid_2026_09/Qwen_Qwen3.5-4B_s1/curve/round_curve.json
HTML:   results/grid_2026_09/Qwen_Qwen3.5-4B_s1/curve/round_curve.html
