Your Tinker SDK version is outdated. Please upgrade to the latest version.
Warning: You are sending unauthenticated requests to the HF Hub. Please set a HF_TOKEN to enable higher rate limits and faster downloads.
[cap] refsoup_001 seed=0 cap=5: score=0.03 rounds=5 by=final_answer (40.951s)
[cap] refsoup_003 seed=0 cap=5: score=0.03 rounds=5 by=final_answer (35.124s)
[cap] refsoup_004 seed=0 cap=5: score=0.07 rounds=5 by=final_answer (26.968s)
[cap] refsoup_005 seed=0 cap=5: score=0.12 rounds=5 by=final_answer (24.176s)
[cap] refsoup_006 seed=0 cap=5: score=0.03 rounds=5 by=final_answer (23.501s)
[cap] refsoup_008 seed=0 cap=5: score=0.77 rounds=5 by=final_answer (25.176s)
[cap] refsoup_009 seed=0 cap=5: score=0.30 rounds=5 by=final_answer (22.8s)
[cap] refsoup_010 seed=0 cap=5: score=0.12 rounds=5 by=final_answer (26.777s)
[cap] refsoup_012 seed=0 cap=5: score=0.03 rounds=5 by=final_answer (22.615s)
[cap] refsoup_013 seed=0 cap=5: score=0.53 rounds=5 by=final_answer (21.597s)
[cap] refsoup_017 seed=0 cap=5: score=0.07 rounds=5 by=final_answer (30.289s)
[cap] refsoup_019 seed=0 cap=5: score=0.44 rounds=5 by=final_answer (27.989s)
[cap] refsoup_021 seed=0 cap=5: score=0.47 rounds=5 by=final_answer (44.873s)
[cap] refsoup_022 seed=0 cap=5: score=0.34 rounds=5 by=final_answer (42.939s)
[cap] refsoup_023 seed=0 cap=5: score=0.26 rounds=5 by=final_answer (22.941s)
[cap] refsoup_024 seed=0 cap=5: score=0.12 rounds=5 by=final_answer (22.273s)
[cap] refsoup_026 seed=0 cap=5: score=0.03 rounds=5 by=final_answer (24.198s)
[cap] refsoup_027 seed=0 cap=5: score=0.12 rounds=5 by=final_answer (23.668s)
[cap] refsoup_028 seed=0 cap=5: score=0.12 rounds=5 by=final_answer (24.563s)
[cap] refsoup_029 seed=0 cap=5: score=0.03 rounds=5 by=final_answer (28.183s)
[cap] refsoup_030 seed=0 cap=5: score=0.03 rounds=5 by=final_answer (41.598s)
[cap] refsoup_031 seed=0 cap=5: score=0.07 rounds=5 by=final_answer (23.074s)
[cap] refsoup_001 seed=0 cap=10: score=0.03 rounds=10 by=final_answer (37.963s)
[cap] refsoup_003 seed=0 cap=10: score=0.03 rounds=10 by=final_answer (40.295s)
[cap] refsoup_004 seed=0 cap=10: score=0.12 rounds=10 by=final_answer (41.901s)
[cap] refsoup_005 seed=0 cap=10: score=0.07 rounds=10 by=final_answer (41.979s)
[cap] refsoup_006 seed=0 cap=10: score=0.15 rounds=10 by=final_answer (62.356s)
[cap] refsoup_008 seed=0 cap=10: score=0.65 rounds=10 by=final_answer (39.652s)
[cap] refsoup_009 seed=0 cap=10: score=0.47 rounds=10 by=final_answer (41.151s)
[cap] refsoup_010 seed=0 cap=10: score=0.03 rounds=10 by=final_answer (50.325s)
[cap] refsoup_012 seed=0 cap=10: score=0.19 rounds=10 by=final_answer (61.627s)
[cap] refsoup_013 seed=0 cap=10: score=0.30 rounds=5 by=final_answer (21.696s)
[cap] refsoup_017 seed=0 cap=10: score=0.03 rounds=10 by=final_answer (38.08s)
[cap] refsoup_019 seed=0 cap=10: score=0.21 rounds=10 by=final_answer (40.904s)
[cap] refsoup_021 seed=0 cap=10: score=0.56 rounds=10 by=final_answer (47.403s)
[cap] refsoup_022 seed=0 cap=10: score=0.29 rounds=10 by=final_answer (40.163s)
[cap] refsoup_023 seed=0 cap=10: score=0.03 rounds=10 by=final_answer (39.306s)
[cap] refsoup_024 seed=0 cap=10: score=0.12 rounds=10 by=final_answer (37.094s)
[cap] refsoup_026 seed=0 cap=10: score=0.03 rounds=10 by=final_answer (41.826s)
[cap] refsoup_027 seed=0 cap=10: score=0.30 rounds=10 by=final_answer (39.875s)
[cap] refsoup_028 seed=0 cap=10: score=0.12 rounds=10 by=final_answer (48.317s)
[cap] refsoup_029 seed=0 cap=10: score=0.07 rounds=10 by=final_answer (43.083s)
[cap] refsoup_030 seed=0 cap=10: score=0.03 rounds=10 by=final_answer (39.831s)
[cap] refsoup_031 seed=0 cap=10: score=0.12 rounds=10 by=final_answer (39.279s)
[cap] refsoup_001 seed=0 cap=15: score=0.03 rounds=15 by=final_answer (56.119s)
[cap] refsoup_003 seed=0 cap=15: score=0.03 rounds=15 by=final_answer (75.51s)
[cap] refsoup_004 seed=0 cap=15: score=0.12 rounds=15 by=final_answer (59.482s)
[cap] refsoup_005 seed=0 cap=15: score=0.12 rounds=15 by=final_answer (63.253s)
[cap] refsoup_006 seed=0 cap=15: score=0.35 rounds=15 by=final_answer (69.323s)
[cap] refsoup_008 seed=0 cap=15: score=0.88 rounds=15 by=final_answer (59.836s)
[cap] refsoup_009 seed=0 cap=15: score=0.47 rounds=15 by=final_answer (57.872s)
[cap] refsoup_010 seed=0 cap=15: score=0.12 rounds=15 by=final_answer (57.091s)
[cap] refsoup_012 seed=0 cap=15: score=0.12 rounds=15 by=final_answer (62.082s)
[cap] refsoup_013 seed=0 cap=15: score=0.30 rounds=6 by=final_answer (22.783s)
[cap] refsoup_017 seed=0 cap=15: score=0.07 rounds=15 by=final_answer (53.85s)
[cap] refsoup_019 seed=0 cap=15: score=0.12 rounds=15 by=final_answer (66.118s)
[cap] refsoup_021 seed=0 cap=15: score=0.03 rounds=15 by=final_answer (77.405s)
[cap] refsoup_022 seed=0 cap=15: score=0.17 rounds=15 by=final_answer (56.565s)
[cap] refsoup_023 seed=0 cap=15: score=0.03 rounds=15 by=final_answer (56.602s)
[cap] refsoup_024 seed=0 cap=15: score=0.12 rounds=15 by=final_answer (57.184s)
[cap] refsoup_026 seed=0 cap=15: score=0.03 rounds=15 by=final_answer (53.93s)
[cap] refsoup_027 seed=0 cap=15: score=0.65 rounds=15 by=final_answer (57.642s)
[cap] refsoup_028 seed=0 cap=15: score=0.12 rounds=15 by=final_answer (74.525s)
[cap] refsoup_029 seed=0 cap=15: score=0.12 rounds=15 by=final_answer (56.773s)
[cap] refsoup_030 seed=0 cap=15: score=0.07 rounds=15 by=final_answer (59.647s)
[cap] refsoup_031 seed=0 cap=15: score=0.12 rounds=15 by=final_answer (66.572s)
[cap] refsoup_001 seed=0 cap=20: score=0.03 rounds=20 by=final_answer (79.524s)
[cap] refsoup_003 seed=0 cap=20: score=0.03 rounds=20 by=final_answer (73.405s)
[cap] refsoup_004 seed=0 cap=20: score=0.03 rounds=20 by=final_answer (95.618s)
[cap] refsoup_005 seed=0 cap=20: score=0.29 rounds=20 by=final_answer (95.549s)
[cap] refsoup_006 seed=0 cap=20: score=0.35 rounds=20 by=final_answer (82.385s)
[cap] refsoup_008 seed=0 cap=20: score=0.65 rounds=9 by=final_answer (32.559s)
[cap] refsoup_009 seed=0 cap=20: score=0.47 rounds=8 by=final_answer (29.617s)
[cap] refsoup_010 seed=0 cap=20: score=0.12 rounds=20 by=final_answer (77.987s)
[cap] refsoup_012 seed=0 cap=20: score=0.03 rounds=20 by=final_answer (95.32s)
[cap] refsoup_013 seed=0 cap=20: score=0.30 rounds=10 by=final_answer (37.578s)
[cap] refsoup_017 seed=0 cap=20: score=0.07 rounds=20 by=final_answer (72.05s)
[cap] refsoup_019 seed=0 cap=20: score=0.26 rounds=20 by=final_answer (78.939s)
[cap] refsoup_021 seed=0 cap=20: score=0.65 rounds=20 by=final_answer (73.553s)
[cap] refsoup_022 seed=0 cap=20: score=0.29 rounds=20 by=final_answer (69.498s)
[cap] refsoup_023 seed=0 cap=20: score=0.26 rounds=20 by=final_answer (93.671s)
[cap] refsoup_024 seed=0 cap=20: score=0.12 rounds=20 by=final_answer (71.861s)
[cap] refsoup_026 seed=0 cap=20: score=0.03 rounds=20 by=final_answer (79.08s)
[cap] refsoup_027 seed=0 cap=20: score=0.21 rounds=20 by=final_answer (76.638s)
[cap] refsoup_028 seed=0 cap=20: score=0.03 rounds=20 by=final_answer (97.572s)
[cap] refsoup_029 seed=0 cap=20: score=0.12 rounds=20 by=final_answer (73.113s)
[cap] refsoup_030 seed=0 cap=20: score=0.03 rounds=20 by=final_answer (77.93s)
[cap] refsoup_031 seed=0 cap=20: score=0.12 rounds=20 by=final_answer (77.274s)
[cap] refsoup_001 seed=0 cap=25: score=0.03 rounds=25 by=final_answer (87.023s)
[cap] refsoup_003 seed=0 cap=25: score=0.03 rounds=25 by=final_answer (114.989s)
[cap] refsoup_004 seed=0 cap=25: score=0.35 rounds=25 by=final_answer (89.314s)
[cap] refsoup_005 seed=0 cap=25: score=0.29 rounds=25 by=final_answer (100.11s)
[cap] refsoup_006 seed=0 cap=25: score=0.12 rounds=25 by=final_answer (99.339s)
[cap] refsoup_008 seed=0 cap=25: score=0.56 rounds=25 by=final_answer (100.577s)
[cap] refsoup_009 seed=0 cap=25: score=0.47 rounds=18 by=final_answer (62.102s)
[cap] refsoup_010 seed=0 cap=25: score=0.15 rounds=25 by=final_answer (108.842s)
[cap] refsoup_012 seed=0 cap=25: score=0.07 rounds=25 by=final_answer (113.314s)
[cap] refsoup_013 seed=0 cap=25: score=0.30 rounds=5 by=final_answer (19.081s)
[cap] refsoup_017 seed=0 cap=25: score=0.12 rounds=25 by=final_answer (95.459s)
[cap] refsoup_019 seed=0 cap=25: score=0.30 rounds=25 by=final_answer (91.871s)
[cap] refsoup_021 seed=0 cap=25: score=0.12 rounds=25 by=final_answer (92.586s)
[cap] refsoup_022 seed=0 cap=25: score=0.26 rounds=25 by=final_answer (87.864s)
[cap] refsoup_023 seed=0 cap=25: score=0.03 rounds=25 by=final_answer (111.659s)
[cap] refsoup_024 seed=0 cap=25: score=0.12 rounds=25 by=final_answer (110.335s)
[cap] refsoup_026 seed=0 cap=25: score=0.03 rounds=25 by=final_answer (95.029s)
[cap] refsoup_027 seed=0 cap=25: score=0.17 rounds=25 by=final_answer (89.034s)
[cap] refsoup_028 seed=0 cap=25: score=0.12 rounds=25 by=final_answer (111.248s)
[cap] refsoup_029 seed=0 cap=25: score=0.07 rounds=25 by=final_answer (96.14s)
[cap] refsoup_030 seed=0 cap=25: score=0.15 rounds=25 by=final_answer (97.219s)
[cap] refsoup_031 seed=0 cap=25: score=0.12 rounds=25 by=final_answer (90.861s)
[cap] refsoup_001 seed=0 cap=30: score=0.03 rounds=30 by=final_answer (125.018s)
[cap] refsoup_003 seed=0 cap=30: score=0.03 rounds=30 by=final_answer (107.069s)
[cap] refsoup_004 seed=0 cap=30: score=0.03 rounds=30 by=final_answer (128.633s)
[cap] refsoup_005 seed=0 cap=30: score=0.12 rounds=30 by=final_answer (123.046s)
[cap] refsoup_006 seed=0 cap=30: score=0.07 rounds=30 by=final_answer (127.032s)
[cap] refsoup_008 seed=0 cap=30: score=0.75 rounds=30 by=final_answer (104.981s)
[cap] refsoup_009 seed=0 cap=30: score=0.26 rounds=17 by=final_answer (62.597s)
[cap] refsoup_010 seed=0 cap=30: score=0.12 rounds=30 by=final_answer (113.375s)
[cap] refsoup_012 seed=0 cap=30: score=0.15 rounds=30 by=final_answer (130.567s)
[cap] refsoup_013 seed=0 cap=30: score=0.30 rounds=5 by=final_answer (20.767s)
[cap] refsoup_017 seed=0 cap=30: score=0.12 rounds=30 by=final_answer (110.5s)
[cap] refsoup_019 seed=0 cap=30: score=0.44 rounds=30 by=final_answer (110.924s)
[cap] refsoup_021 seed=0 cap=30: score=0.12 rounds=30 by=final_answer (117.744s)
[cap] refsoup_022 seed=0 cap=30: score=0.17 rounds=30 by=final_answer (106.998s)
[cap] refsoup_023 seed=0 cap=30: score=0.03 rounds=30 by=final_answer (106.055s)
[cap] refsoup_024 seed=0 cap=30: score=0.12 rounds=30 by=final_answer (106.079s)
[cap] refsoup_026 seed=0 cap=30: score=0.03 rounds=30 by=final_answer (103.495s)
[cap] refsoup_027 seed=0 cap=30: score=0.30 rounds=30 by=final_answer (109.078s)
[cap] refsoup_028 seed=0 cap=30: score=0.07 rounds=30 by=final_answer (137.483s)
[cap] refsoup_029 seed=0 cap=30: score=0.24 rounds=30 by=final_answer (123.499s)
[cap] refsoup_030 seed=0 cap=30: score=0.03 rounds=30 by=final_answer (113.484s)
[cap] refsoup_031 seed=0 cap=30: score=0.12 rounds=30 by=final_answer (121.027s)
Report: results/grid_2026_09/Qwen_Qwen3.5-397B-A17B_s0/caps/round_cap_sweep.json
HTML:   results/grid_2026_09/Qwen_Qwen3.5-397B-A17B_s0/caps/round_cap_sweep.html
