Warning: You are sending unauthenticated requests to the HF Hub. Please set a HF_TOKEN to enable higher rate limits and faster downloads.
[curve] refsoup_001 seed=0: rounds=30 end=None (525.888s)
[curve] refsoup_003 seed=0: rounds=30 end=None (545.545s)
[curve] refsoup_004 seed=0: rounds=30 end=None (667.377s)
[curve] refsoup_005 seed=0: rounds=30 end=None (386.109s)
[curve] refsoup_006 seed=0: rounds=30 end=None (524.576s)
[curve] refsoup_008 seed=0: rounds=30 end=None (546.302s)
[curve] refsoup_009 seed=0: rounds=11 end=11 (121.489s)
[curve] refsoup_010 seed=0: rounds=30 end=None (780.533s)
[curve] refsoup_012 seed=0: rounds=30 end=None (817.201s)
[curve] refsoup_013 seed=0: rounds=5 end=5 (47.429s)
[curve] refsoup_017 seed=0: rounds=30 end=None (484.77s)
[curve] refsoup_019 seed=0: rounds=30 end=None (380.86s)
[curve] refsoup_021 seed=0: rounds=30 end=None (804.95s)
[curve] refsoup_022 seed=0: rounds=21 end=21 (226.014s)
[curve] refsoup_023 seed=0: rounds=30 end=None (656.004s)
[curve] refsoup_024 seed=0: rounds=30 end=None (839.478s)
[curve] refsoup_026 seed=0: rounds=30 end=None (584.463s)
[curve] refsoup_027 seed=0: rounds=30 end=30 (338.81s)
[curve] refsoup_028 seed=0: rounds=30 end=None (587.341s)
[curve] refsoup_029 seed=0: rounds=30 end=None (615.632s)
[curve] refsoup_030 seed=0: rounds=30 end=None (565.839s)
[curve] refsoup_031 seed=0: rounds=30 end=None (379.602s)
Report: results/grid_2026_09/Qwen_Qwen3.5-397B-A17B_s0/curve/round_curve.json
HTML:   results/grid_2026_09/Qwen_Qwen3.5-397B-A17B_s0/curve/round_curve.html
