Your Tinker SDK version is outdated. Please upgrade to the latest version.
Warning: You are sending unauthenticated requests to the HF Hub. Please set a HF_TOKEN to enable higher rate limits and faster downloads.
[cap] refsoup_001 seed=1 cap=5: score=0.03 rounds=5 by=final_answer (76.839s)
[cap] refsoup_003 seed=1 cap=5: score=0.03 rounds=5 by=final_answer (24.288s)
[cap] refsoup_004 seed=1 cap=5: score=0.12 rounds=5 by=final_answer (25.519s)
[cap] refsoup_005 seed=1 cap=5: score=0.29 rounds=5 by=final_answer (36.645s)
[cap] refsoup_006 seed=1 cap=5: score=0.03 rounds=5 by=final_answer (26.09s)
[cap] refsoup_008 seed=1 cap=5: score=0.77 rounds=5 by=final_answer (25.298s)
[cap] refsoup_009 seed=1 cap=5: score=0.30 rounds=5 by=final_answer (22.218s)
[cap] refsoup_010 seed=1 cap=5: score=0.12 rounds=5 by=final_answer (25.535s)
[cap] refsoup_012 seed=1 cap=5: score=0.07 rounds=5 by=final_answer (24.778s)
[cap] refsoup_013 seed=1 cap=5: score=0.30 rounds=5 by=final_answer (21.691s)
[cap] refsoup_017 seed=1 cap=5: score=0.03 rounds=5 by=final_answer (23.527s)
[cap] refsoup_019 seed=1 cap=5: score=0.44 rounds=5 by=final_answer (25.29s)
[cap] refsoup_021 seed=1 cap=5: score=0.12 rounds=5 by=final_answer (27.433s)
[cap] refsoup_022 seed=1 cap=5: score=0.17 rounds=5 by=final_answer (22.026s)
[cap] refsoup_023 seed=1 cap=5: score=0.03 rounds=5 by=final_answer (22.213s)
[cap] refsoup_024 seed=1 cap=5: score=0.07 rounds=5 by=final_answer (27.715s)
[cap] refsoup_026 seed=1 cap=5: score=0.00 rounds=5 by=final_answer (21.935s)
[cap] refsoup_027 seed=1 cap=5: score=0.30 rounds=5 by=final_answer (24.821s)
[cap] refsoup_028 seed=1 cap=5: score=0.24 rounds=5 by=final_answer (23.281s)
[cap] refsoup_029 seed=1 cap=5: score=0.15 rounds=5 by=final_answer (32.542s)
[cap] refsoup_030 seed=1 cap=5: score=0.03 rounds=5 by=final_answer (23.468s)
[cap] refsoup_031 seed=1 cap=5: score=0.26 rounds=5 by=final_answer (22.016s)
[cap] refsoup_001 seed=1 cap=10: score=0.03 rounds=10 by=final_answer (42.292s)
[cap] refsoup_003 seed=1 cap=10: score=0.03 rounds=10 by=final_answer (40.203s)
[cap] refsoup_004 seed=1 cap=10: score=0.03 rounds=10 by=final_answer (41.493s)
[cap] refsoup_005 seed=1 cap=10: score=0.30 rounds=10 by=final_answer (41.041s)
[cap] refsoup_006 seed=1 cap=10: score=0.15 rounds=10 by=final_answer (62.943s)
[cap] refsoup_008 seed=1 cap=10: score=0.77 rounds=10 by=final_answer (43.496s)
[cap] refsoup_009 seed=1 cap=10: score=0.17 rounds=10 by=final_answer (39.434s)
[cap] refsoup_010 seed=1 cap=10: score=0.12 rounds=10 by=final_answer (43.179s)
[cap] refsoup_012 seed=1 cap=10: score=0.03 rounds=10 by=final_answer (58.453s)
[cap] refsoup_013 seed=1 cap=10: score=0.30 rounds=5 by=final_answer (20.907s)
[cap] refsoup_017 seed=1 cap=10: score=0.03 rounds=10 by=final_answer (47.373s)
[cap] refsoup_019 seed=1 cap=10: score=0.44 rounds=10 by=final_answer (39.228s)
[cap] refsoup_021 seed=1 cap=10: score=0.65 rounds=10 by=final_answer (42.452s)
[cap] refsoup_022 seed=1 cap=10: score=0.21 rounds=10 by=final_answer (46.643s)
[cap] refsoup_023 seed=1 cap=10: score=0.03 rounds=10 by=final_answer (40.791s)
[cap] refsoup_024 seed=1 cap=10: score=0.12 rounds=10 by=final_answer (38.266s)
[cap] refsoup_026 seed=1 cap=10: score=0.15 rounds=10 by=final_answer (59.346s)
[cap] refsoup_027 seed=1 cap=10: score=0.30 rounds=10 by=final_answer (42.327s)
[cap] refsoup_028 seed=1 cap=10: score=0.12 rounds=10 by=final_answer (41.214s)
[cap] refsoup_029 seed=1 cap=10: score=0.07 rounds=10 by=final_answer (42.947s)
[cap] refsoup_030 seed=1 cap=10: score=0.03 rounds=10 by=final_answer (49.373s)
[cap] refsoup_031 seed=1 cap=10: score=0.03 rounds=10 by=final_answer (39.503s)
[cap] refsoup_001 seed=1 cap=15: score=0.03 rounds=15 by=final_answer (54.595s)
[cap] refsoup_003 seed=1 cap=15: score=0.03 rounds=15 by=final_answer (56.325s)
[cap] refsoup_004 seed=1 cap=15: score=0.07 rounds=15 by=final_answer (67.873s)
[cap] refsoup_005 seed=1 cap=15: score=0.12 rounds=15 by=final_answer (60.734s)
[cap] refsoup_006 seed=1 cap=15: score=0.12 rounds=15 by=final_answer (59.559s)
[cap] refsoup_008 seed=1 cap=15: score=0.65 rounds=15 by=final_answer (56.778s)
[cap] refsoup_009 seed=1 cap=15: score=0.43 rounds=11 by=final_answer (41.815s)
[cap] refsoup_010 seed=1 cap=15: score=0.26 rounds=15 by=final_answer (77.756s)
[cap] refsoup_012 seed=1 cap=15: score=0.15 rounds=15 by=final_answer (81.196s)
[cap] refsoup_013 seed=1 cap=15: score=0.30 rounds=5 by=final_answer (18.869s)
[cap] refsoup_017 seed=1 cap=15: score=0.03 rounds=15 by=final_answer (58.149s)
[cap] refsoup_019 seed=1 cap=15: score=0.21 rounds=15 by=final_answer (55.263s)
[cap] refsoup_021 seed=1 cap=15: score=0.65 rounds=15 by=final_answer (57.124s)
[cap] refsoup_022 seed=1 cap=15: score=0.52 rounds=15 by=final_answer (75.248s)
[cap] refsoup_023 seed=1 cap=15: score=0.03 rounds=15 by=final_answer (53.573s)
[cap] refsoup_024 seed=1 cap=15: score=0.12 rounds=15 by=final_answer (54.6s)
[cap] refsoup_026 seed=1 cap=15: score=0.15 rounds=15 by=final_answer (77.212s)
[cap] refsoup_027 seed=1 cap=15: score=0.30 rounds=15 by=final_answer (54.462s)
[cap] refsoup_028 seed=1 cap=15: score=0.12 rounds=15 by=final_answer (64.243s)
[cap] refsoup_029 seed=1 cap=15: score=0.26 rounds=15 by=final_answer (77.593s)
[cap] refsoup_030 seed=1 cap=15: score=0.07 rounds=15 by=final_answer (54.904s)
[cap] refsoup_031 seed=1 cap=15: score=0.26 rounds=15 by=final_answer (57.417s)
[cap] refsoup_001 seed=1 cap=20: score=0.03 rounds=20 by=final_answer (72.902s)
[cap] refsoup_003 seed=1 cap=20: score=0.03 rounds=20 by=final_answer (86.023s)
[cap] refsoup_004 seed=1 cap=20: score=0.03 rounds=20 by=final_answer (71.867s)
[cap] refsoup_005 seed=1 cap=20: score=0.17 rounds=20 by=final_answer (74.76s)
[cap] refsoup_006 seed=1 cap=20: score=0.44 rounds=20 by=final_answer (73.58s)
[cap] refsoup_008 seed=1 cap=20: score=0.77 rounds=20 by=final_answer (69.544s)
[cap] refsoup_009 seed=1 cap=20: score=0.43 rounds=15 by=final_answer (53.592s)
[cap] refsoup_010 seed=1 cap=20: score=0.03 rounds=20 by=final_answer (90.475s)
[cap] refsoup_012 seed=1 cap=20: score=0.03 rounds=12 by=final_answer (53.375s)
[cap] refsoup_013 seed=1 cap=20: score=0.53 rounds=7 by=final_answer (26.02s)
[cap] refsoup_017 seed=1 cap=20: score=0.03 rounds=20 by=final_answer (81.469s)
[cap] refsoup_019 seed=1 cap=20: score=0.40 rounds=20 by=final_answer (77.922s)
[cap] refsoup_021 seed=1 cap=20: score=0.65 rounds=20 by=final_answer (73.656s)
[cap] refsoup_022 seed=1 cap=20: score=0.30 rounds=20 by=final_answer (73.044s)
[cap] refsoup_023 seed=1 cap=20: score=0.03 rounds=20 by=final_answer (73.214s)
[cap] refsoup_024 seed=1 cap=20: score=0.12 rounds=20 by=final_answer (71.469s)
[cap] refsoup_026 seed=1 cap=20: score=0.12 rounds=20 by=final_answer (74.598s)
[cap] refsoup_027 seed=1 cap=20: score=0.17 rounds=20 by=final_answer (70.208s)
[cap] refsoup_028 seed=1 cap=20: score=0.12 rounds=20 by=final_answer (96.905s)
[cap] refsoup_029 seed=1 cap=20: score=0.19 rounds=20 by=final_answer (89.988s)
[cap] refsoup_030 seed=1 cap=20: score=0.03 rounds=20 by=final_answer (77.038s)
[cap] refsoup_031 seed=1 cap=20: score=0.26 rounds=20 by=final_answer (74.062s)
[cap] refsoup_001 seed=1 cap=25: score=0.03 rounds=25 by=final_answer (98.273s)
[cap] refsoup_003 seed=1 cap=25: score=0.07 rounds=25 by=final_answer (112.272s)
[cap] refsoup_004 seed=1 cap=25: score=0.12 rounds=25 by=final_answer (92.853s)
[cap] refsoup_005 seed=1 cap=25: score=0.29 rounds=25 by=final_answer (104.982s)
[cap] refsoup_006 seed=1 cap=25: score=0.24 rounds=25 by=final_answer (113.441s)
[cap] refsoup_008 seed=1 cap=25: score=0.77 rounds=25 by=final_answer (87.776s)
[cap] refsoup_009 seed=1 cap=25: score=0.65 rounds=18 by=final_answer (66.771s)
[cap] refsoup_010 seed=1 cap=25: score=0.26 rounds=25 by=final_answer (113.644s)
[cap] refsoup_012 seed=1 cap=25: score=0.15 rounds=25 by=final_answer (115.533s)
[cap] refsoup_013 seed=1 cap=25: score=0.30 rounds=5 by=final_answer (20.21s)
[cap] refsoup_017 seed=1 cap=25: score=0.12 rounds=25 by=final_answer (86.544s)
[cap] refsoup_019 seed=1 cap=25: score=0.21 rounds=25 by=final_answer (88.89s)
[cap] refsoup_021 seed=1 cap=25: score=0.42 rounds=25 by=final_answer (108.335s)
[cap] refsoup_022 seed=1 cap=25: score=0.34 rounds=25 by=final_answer (109.924s)
[cap] refsoup_023 seed=1 cap=25: score=0.07 rounds=25 by=final_answer (92.903s)
[cap] refsoup_024 seed=1 cap=25: score=0.12 rounds=25 by=final_answer (86.57s)
[cap] refsoup_026 seed=1 cap=25: score=0.03 rounds=25 by=final_answer (91.848s)
[cap] refsoup_027 seed=1 cap=25: score=0.30 rounds=25 by=final_answer (88.032s)
[cap] refsoup_028 seed=1 cap=25: score=0.03 rounds=25 by=final_answer (90.075s)
[cap] refsoup_029 seed=1 cap=25: score=0.35 rounds=25 by=final_answer (95.833s)
[cap] refsoup_030 seed=1 cap=25: score=0.07 rounds=25 by=final_answer (93.461s)
[cap] refsoup_031 seed=1 cap=25: score=0.12 rounds=25 by=final_answer (93.534s)
[cap] refsoup_001 seed=1 cap=30: score=0.03 rounds=30 by=final_answer (142.417s)
[cap] refsoup_003 seed=1 cap=30: score=0.03 rounds=30 by=final_answer (114.192s)
[cap] refsoup_004 seed=1 cap=30: score=0.31 rounds=30 by=final_answer (120.071s)
[cap] refsoup_005 seed=1 cap=30: score=0.12 rounds=30 by=final_answer (109.748s)
[cap] refsoup_006 seed=1 cap=30: score=0.12 rounds=30 by=final_answer (108.028s)
[cap] refsoup_008 seed=1 cap=30: score=0.70 rounds=30 by=final_answer (109.911s)
[cap] refsoup_009 seed=1 cap=30: score=0.43 rounds=30 by=final_answer (110.585s)
[cap] refsoup_010 seed=1 cap=30: score=0.12 rounds=30 by=final_answer (104.109s)
[cap] refsoup_012 seed=1 cap=30: score=0.15 rounds=30 by=final_answer (125.424s)
[cap] refsoup_013 seed=1 cap=30: score=0.30 rounds=9 by=final_answer (35.354s)
[cap] refsoup_017 seed=1 cap=30: score=0.03 rounds=30 by=final_answer (112.218s)
[cap] refsoup_019 seed=1 cap=30: score=0.12 rounds=30 by=final_answer (116.906s)
[cap] refsoup_021 seed=1 cap=30: score=0.47 rounds=30 by=final_answer (160.697s)
[cap] refsoup_022 seed=1 cap=30: score=0.21 rounds=22 by=final_answer (76.004s)
[cap] refsoup_023 seed=1 cap=30: score=0.35 rounds=30 by=final_answer (128.485s)
[cap] refsoup_024 seed=1 cap=30: score=0.12 rounds=30 by=final_answer (125.715s)
[cap] refsoup_026 seed=1 cap=30: score=0.24 rounds=30 by=final_answer (107.762s)
[cap] refsoup_027 seed=1 cap=30: score=0.12 rounds=30 by=final_answer (99.82s)
[cap] refsoup_028 seed=1 cap=30: score=0.24 rounds=30 by=final_answer (130.262s)
[cap] refsoup_029 seed=1 cap=30: score=0.15 rounds=30 by=final_answer (102.668s)
[cap] refsoup_030 seed=1 cap=30: score=0.35 rounds=30 by=final_answer (114.645s)
[cap] refsoup_031 seed=1 cap=30: score=0.21 rounds=30 by=final_answer (105.999s)
Report: results/grid_2026_09/Qwen_Qwen3.5-397B-A17B_s1/caps/round_cap_sweep.json
HTML:   results/grid_2026_09/Qwen_Qwen3.5-397B-A17B_s1/caps/round_cap_sweep.html
