Warning: You are sending unauthenticated requests to the HF Hub. Please set a HF_TOKEN to enable higher rate limits and faster downloads.
[curve] refsoup_001 seed=1: rounds=30 end=None (563.891s)
[curve] refsoup_003 seed=1: rounds=30 end=None (584.492s)
[curve] refsoup_004 seed=1: rounds=30 end=None (694.287s)
[curve] refsoup_005 seed=1: rounds=30 end=None (456.47s)
[curve] refsoup_006 seed=1: rounds=30 end=None (557.109s)
[curve] refsoup_008 seed=1: rounds=30 end=None (365.267s)
[curve] refsoup_009 seed=1: rounds=9 end=9 (126.137s)
[curve] refsoup_010 seed=1: rounds=30 end=None (484.854s)
[curve] refsoup_012 seed=1: rounds=30 end=None (541.288s)
[curve] refsoup_013 seed=1: rounds=8 end=8 (77.678s)
[curve] refsoup_017 seed=1: rounds=30 end=None (572.031s)
[curve] refsoup_019 seed=1: rounds=30 end=None (386.471s)
[curve] refsoup_021 seed=1: rounds=30 end=None (464.604s)
[curve] refsoup_022 seed=1: rounds=30 end=None (324.804s)
[curve] refsoup_023 seed=1: rounds=30 end=None (493.28s)
[curve] refsoup_024 seed=1: rounds=30 end=None (608.379s)
[curve] refsoup_026 seed=1: rounds=30 end=None (509.177s)
[curve] refsoup_027 seed=1: rounds=28 end=28 (315.684s)
[curve] refsoup_028 seed=1: rounds=30 end=None (442.532s)
[curve] refsoup_029 seed=1: rounds=30 end=None (680.92s)
[curve] refsoup_030 seed=1: rounds=30 end=None (605.403s)
[curve] refsoup_031 seed=1: rounds=30 end=None (350.307s)
Report: results/grid_2026_09/Qwen_Qwen3.5-397B-A17B_s1/curve/round_curve.json
HTML:   results/grid_2026_09/Qwen_Qwen3.5-397B-A17B_s1/curve/round_curve.html
