Your Tinker SDK version is outdated. Please upgrade to the latest version.
Warning: You are sending unauthenticated requests to the HF Hub. Please set a HF_TOKEN to enable higher rate limits and faster downloads.
[cap] refsoup_001 seed=2 cap=5: score=0.03 rounds=5 by=final_answer (94.476s)
[cap] refsoup_003 seed=2 cap=5: score=0.03 rounds=5 by=final_answer (49.38s)
[cap] refsoup_004 seed=2 cap=5: score=0.01 rounds=5 by=final_answer (36.282s)
[cap] refsoup_005 seed=2 cap=5: score=0.03 rounds=5 by=final_answer (32.035s)
[cap] refsoup_006 seed=2 cap=5: score=0.01 rounds=5 by=final_answer (47.286s)
[cap] refsoup_008 seed=2 cap=5: score=0.03 rounds=5 by=final_answer (25.658s)
[cap] refsoup_009 seed=2 cap=5: score=0.12 rounds=5 by=final_answer (46.924s)
[cap] refsoup_010 seed=2 cap=5: score=0.03 rounds=5 by=final_answer (33.866s)
[cap] refsoup_012 seed=2 cap=5: score=0.12 rounds=5 by=final_answer (22.829s)
[cap] refsoup_013 seed=2 cap=5: score=0.03 rounds=5 by=final_answer (32.368s)
[cap] refsoup_017 seed=2 cap=5: score=0.12 rounds=5 by=final_answer (25.873s)
[cap] refsoup_019 seed=2 cap=5: score=0.12 rounds=5 by=final_answer (43.756s)
[cap] refsoup_021 seed=2 cap=5: score=0.07 rounds=5 by=final_answer (56.566s)
[cap] refsoup_022 seed=2 cap=5: score=0.03 rounds=5 by=final_answer (40.156s)
[cap] refsoup_023 seed=2 cap=5: score=0.03 rounds=5 by=final_answer (22.04s)
[cap] refsoup_024 seed=2 cap=5: score=0.07 rounds=5 by=final_answer (23.23s)
[cap] refsoup_026 seed=2 cap=5: score=0.03 rounds=5 by=final_answer (21.832s)
[cap] refsoup_027 seed=2 cap=5: score=0.03 rounds=5 by=final_answer (22.541s)
[cap] refsoup_028 seed=2 cap=5: score=0.03 rounds=5 by=final_answer (140.736s)
[cap] refsoup_029 seed=2 cap=5: score=0.03 rounds=5 by=final_answer (24.728s)
[cap] refsoup_030 seed=2 cap=5: score=0.03 rounds=5 by=final_answer (49.289s)
[cap] refsoup_031 seed=2 cap=5: score=0.12 rounds=5 by=final_answer (21.848s)
[cap] refsoup_001 seed=2 cap=10: score=0.03 rounds=10 by=final_answer (74.733s)
[cap] refsoup_003 seed=2 cap=10: score=0.03 rounds=10 by=final_answer (114.363s)
[cap] refsoup_004 seed=2 cap=10: score=0.03 rounds=10 by=final_answer (55.906s)
[cap] refsoup_005 seed=2 cap=10: score=0.03 rounds=10 by=final_answer (98.022s)
[cap] refsoup_006 seed=2 cap=10: score=0.03 rounds=10 by=final_answer (64.913s)
[cap] refsoup_008 seed=2 cap=10: score=0.03 rounds=10 by=final_answer (64.894s)
[cap] refsoup_009 seed=2 cap=10: score=0.03 rounds=10 by=final_answer (85.352s)
[cap] refsoup_010 seed=2 cap=10: score=0.12 rounds=10 by=final_answer (56.867s)
[cap] refsoup_012 seed=2 cap=10: score=0.12 rounds=10 by=final_answer (99.648s)
[cap] refsoup_013 seed=2 cap=10: score=0.12 rounds=10 by=final_answer (131.21s)
[cap] refsoup_017 seed=2 cap=10: score=0.12 rounds=10 by=final_answer (58.144s)
[cap] refsoup_019 seed=2 cap=10: score=0.12 rounds=10 by=final_answer (94.257s)
[cap] refsoup_021 seed=2 cap=10: score=0.12 rounds=10 by=final_answer (194.604s)
[cap] refsoup_022 seed=2 cap=10: score=0.03 rounds=10 by=final_answer (201.656s)
[cap] refsoup_023 seed=2 cap=10: score=0.03 rounds=10 by=final_answer (64.403s)
[cap] refsoup_024 seed=2 cap=10: score=0.03 rounds=10 by=final_answer (64.325s)
[cap] refsoup_026 seed=2 cap=10: score=0.03 rounds=10 by=final_answer (80.645s)
[cap] refsoup_027 seed=2 cap=10: score=0.03 rounds=10 by=final_answer (47.644s)
[cap] refsoup_028 seed=2 cap=10: score=0.00 rounds=7 by=token_budget (114.8s)
[cap] refsoup_029 seed=2 cap=10: score=0.03 rounds=10 by=final_answer (142.307s)
[cap] refsoup_030 seed=2 cap=10: score=0.03 rounds=10 by=final_answer (53.991s)
[cap] refsoup_031 seed=2 cap=10: score=0.07 rounds=10 by=final_answer (113.954s)
[cap] refsoup_001 seed=2 cap=15: score=0.00 rounds=11 by=token_budget (94.013s)
[cap] refsoup_003 seed=2 cap=15: score=0.01 rounds=15 by=final_answer (91.763s)
[cap] refsoup_004 seed=2 cap=15: score=0.12 rounds=15 by=final_answer (53.218s)
[cap] refsoup_005 seed=2 cap=15: score=0.12 rounds=15 by=final_answer (90.548s)
[cap] refsoup_006 seed=2 cap=15: score=0.03 rounds=15 by=final_answer (84.158s)
[cap] refsoup_008 seed=2 cap=15: score=0.03 rounds=15 by=final_answer (102.499s)
[cap] refsoup_009 seed=2 cap=15: score=0.12 rounds=15 by=final_answer (111.083s)
[cap] refsoup_010 seed=2 cap=15: score=0.03 rounds=15 by=final_answer (87.636s)
[cap] refsoup_012 seed=2 cap=15: score=0.03 rounds=15 by=final_answer (100.759s)
[cap] refsoup_013 seed=2 cap=15: score=0.12 rounds=15 by=final_answer (108.645s)
[cap] refsoup_017 seed=2 cap=15: score=0.03 rounds=15 by=final_answer (125.984s)
[cap] refsoup_019 seed=2 cap=15: score=0.00 rounds=14 by=token_budget (162.255s)
[cap] refsoup_021 seed=2 cap=15: score=0.00 rounds=13 by=token_budget (128.583s)
[cap] refsoup_022 seed=2 cap=15: score=0.12 rounds=15 by=final_answer (94.086s)
[cap] refsoup_023 seed=2 cap=15: score=0.03 rounds=15 by=final_answer (102.777s)
[cap] refsoup_024 seed=2 cap=15: score=0.03 rounds=15 by=final_answer (94.696s)
[cap] refsoup_026 seed=2 cap=15: score=0.00 rounds=9 by=token_budget (113.577s)
[cap] refsoup_027 seed=2 cap=15: score=0.00 rounds=13 by=token_budget (133.585s)
[cap] refsoup_028 seed=2 cap=15: score=0.00 rounds=7 by=token_budget (194.308s)
[cap] refsoup_029 seed=2 cap=15: score=0.03 rounds=15 by=final_answer (224.794s)
[cap] refsoup_030 seed=2 cap=15: score=0.03 rounds=15 by=final_answer (98.267s)
[cap] refsoup_031 seed=2 cap=15: score=0.12 rounds=15 by=final_answer (97.966s)
[cap] refsoup_001 seed=2 cap=20: score=0.00 rounds=16 by=token_budget (163.411s)
[cap] refsoup_003 seed=2 cap=20: score=0.00 rounds=18 by=token_budget (146.882s)
[cap] refsoup_004 seed=2 cap=20: score=0.00 rounds=20 by=final_answer (97.5s)
[cap] refsoup_005 seed=2 cap=20: score=0.12 rounds=20 by=final_answer (151.037s)
[cap] refsoup_006 seed=2 cap=20: score=0.00 rounds=14 by=token_budget (203.21s)
[cap] refsoup_008 seed=2 cap=20: score=0.00 rounds=18 by=token_budget (129.024s)
[cap] refsoup_009 seed=2 cap=20: score=0.00 rounds=11 by=token_budget (188.004s)
[cap] refsoup_010 seed=2 cap=20: score=0.00 rounds=18 by=token_budget (102.246s)
[cap] refsoup_012 seed=2 cap=20: score=0.00 rounds=11 by=token_budget (124.509s)
[cap] refsoup_013 seed=2 cap=20: score=0.00 rounds=19 by=token_budget (195.004s)
[cap] refsoup_017 seed=2 cap=20: score=0.00 rounds=13 by=token_budget (168.522s)
[cap] refsoup_019 seed=2 cap=20: score=0.00 rounds=14 by=token_budget (86.011s)
[cap] refsoup_021 seed=2 cap=20: score=0.00 rounds=15 by=token_budget (116.89s)
[cap] refsoup_022 seed=2 cap=20: score=0.00 rounds=8 by=token_budget (159.84s)
[cap] refsoup_023 seed=2 cap=20: score=0.00 rounds=19 by=token_budget (148.588s)
[cap] refsoup_024 seed=2 cap=20: score=0.12 rounds=20 by=final_answer (90.669s)
[cap] refsoup_026 seed=2 cap=20: score=0.00 rounds=18 by=token_budget (100.011s)
[cap] refsoup_027 seed=2 cap=20: score=0.00 rounds=15 by=token_budget (324.561s)
[cap] refsoup_028 seed=2 cap=20: score=0.00 rounds=7 by=token_budget (258.984s)
[cap] refsoup_029 seed=2 cap=20: score=0.00 rounds=16 by=token_budget (219.412s)
[cap] refsoup_030 seed=2 cap=20: score=0.03 rounds=20 by=final_answer (95.853s)
[cap] refsoup_031 seed=2 cap=20: score=0.07 rounds=20 by=final_answer (127.246s)
[cap] refsoup_001 seed=2 cap=25: score=0.00 rounds=19 by=token_budget (236.266s)
[cap] refsoup_003 seed=2 cap=25: score=0.00 rounds=15 by=token_budget (233.812s)
[cap] refsoup_004 seed=2 cap=25: score=0.03 rounds=25 by=final_answer (111.477s)
[cap] refsoup_005 seed=2 cap=25: score=0.00 rounds=19 by=token_budget (222.501s)
[cap] refsoup_006 seed=2 cap=25: score=0.00 rounds=13 by=token_budget (90.155s)
[cap] refsoup_008 seed=2 cap=25: score=0.00 rounds=24 by=token_budget (172.569s)
[cap] refsoup_009 seed=2 cap=25: score=0.00 rounds=23 by=token_budget (199.255s)
[cap] refsoup_010 seed=2 cap=25: score=0.03 rounds=25 by=final_answer (165.616s)
[cap] refsoup_012 seed=2 cap=25: score=0.00 rounds=19 by=token_budget (173.07s)
[cap] refsoup_013 seed=2 cap=25: score=0.07 rounds=25 by=final_answer (149.373s)
[cap] refsoup_017 seed=2 cap=25: score=0.00 rounds=23 by=token_budget (359.323s)
[cap] refsoup_019 seed=2 cap=25: score=0.00 rounds=10 by=token_budget (183.66s)
[cap] refsoup_021 seed=2 cap=25: score=0.00 rounds=16 by=token_budget (276.04s)
[cap] refsoup_022 seed=2 cap=25: score=0.12 rounds=25 by=final_answer (302.806s)
[cap] refsoup_023 seed=2 cap=25: score=0.00 rounds=23 by=token_budget (123.375s)
[cap] refsoup_024 seed=2 cap=25: score=0.00 rounds=19 by=token_budget (111.819s)
[cap] refsoup_026 seed=2 cap=25: score=0.00 rounds=15 by=token_budget (132.131s)
[cap] refsoup_027 seed=2 cap=25: score=0.12 rounds=25 by=final_answer (179.587s)
[cap] refsoup_028 seed=2 cap=25: score=0.00 rounds=7 by=token_budget (131.417s)
[cap] refsoup_029 seed=2 cap=25: score=0.00 rounds=11 by=token_budget (281.966s)
[cap] refsoup_030 seed=2 cap=25: score=0.19 rounds=25 by=final_answer (225.763s)
[cap] refsoup_031 seed=2 cap=25: score=0.00 rounds=22 by=token_budget (211.052s)
[cap] refsoup_001 seed=2 cap=30: score=0.00 rounds=16 by=token_budget (147.849s)
[cap] refsoup_003 seed=2 cap=30: score=0.00 rounds=22 by=token_budget (165.32s)
[cap] refsoup_004 seed=2 cap=30: score=0.00 rounds=17 by=token_budget (139.651s)
[cap] refsoup_005 seed=2 cap=30: score=0.00 rounds=13 by=token_budget (231.165s)
[cap] refsoup_006 seed=2 cap=30: score=0.00 rounds=24 by=token_budget (225.239s)
[cap] refsoup_008 seed=2 cap=30: score=0.00 rounds=22 by=token_budget (293.874s)
[cap] refsoup_009 seed=2 cap=30: score=0.00 rounds=19 by=token_budget (375.742s)
[cap] refsoup_010 seed=2 cap=30: score=0.00 rounds=21 by=token_budget (121.332s)
[cap] refsoup_012 seed=2 cap=30: score=0.00 rounds=17 by=token_budget (170.275s)
[cap] refsoup_013 seed=2 cap=30: score=0.00 rounds=18 by=token_budget (163.81s)
[cap] refsoup_017 seed=2 cap=30: score=0.00 rounds=28 by=token_budget (157.313s)
[cap] refsoup_019 seed=2 cap=30: score=0.00 rounds=25 by=token_budget (172.729s)
[cap] refsoup_021 seed=2 cap=30: score=0.00 rounds=20 by=token_budget (204.928s)
[cap] refsoup_022 seed=2 cap=30: score=0.00 rounds=13 by=token_budget (289.886s)
[cap] refsoup_023 seed=2 cap=30: score=0.00 rounds=17 by=token_budget (238.2s)
[cap] refsoup_024 seed=2 cap=30: score=0.00 rounds=17 by=token_budget (205.819s)
[cap] refsoup_026 seed=2 cap=30: score=0.00 rounds=15 by=token_budget (203.686s)
[cap] refsoup_027 seed=2 cap=30: score=0.00 rounds=23 by=token_budget (167.746s)
[cap] refsoup_028 seed=2 cap=30: score=0.00 rounds=16 by=token_budget (132.264s)
[cap] refsoup_029 seed=2 cap=30: score=0.00 rounds=19 by=token_budget (233.571s)
[cap] refsoup_030 seed=2 cap=30: score=0.00 rounds=16 by=token_budget (268.477s)
[cap] refsoup_031 seed=2 cap=30: score=0.00 rounds=13 by=token_budget (160.789s)
Report: results/grid_2026_09/Qwen_Qwen3.5-4B_s2/caps/round_cap_sweep.json
HTML:   results/grid_2026_09/Qwen_Qwen3.5-4B_s2/caps/round_cap_sweep.html
