Warning: You are sending unauthenticated requests to the HF Hub. Please set a HF_TOKEN to enable higher rate limits and faster downloads.
[curve] refsoup_001 seed=2: rounds=30 end=None (796.42s)
[curve] refsoup_003 seed=2: rounds=30 end=None (396.367s)
[curve] refsoup_004 seed=2: rounds=30 end=None (539.511s)
[curve] refsoup_005 seed=2: rounds=30 end=None (640.835s)
[curve] refsoup_006 seed=2: rounds=30 end=None (742.826s)
[curve] refsoup_008 seed=2: rounds=30 end=None (496.738s)
[curve] refsoup_009 seed=2: rounds=30 end=None (550.051s)
[curve] refsoup_010 seed=2: rounds=30 end=None (758.664s)
[curve] refsoup_012 seed=2: rounds=30 end=None (628.015s)
[curve] refsoup_013 seed=2: rounds=30 end=None (589.615s)
[curve] refsoup_017 seed=2: rounds=30 end=None (493.985s)
[curve] refsoup_019 seed=2: rounds=30 end=None (610.478s)
[curve] refsoup_021 seed=2: rounds=30 end=None (441.195s)
[curve] refsoup_022 seed=2: rounds=30 end=None (522.339s)
[curve] refsoup_023 seed=2: rounds=30 end=None (357.607s)
[curve] refsoup_024 seed=2: rounds=30 end=None (540.236s)
[curve] refsoup_026 seed=2: rounds=30 end=None (446.551s)
[curve] refsoup_027 seed=2: rounds=30 end=None (343.377s)
[curve] refsoup_028 seed=2: rounds=21 end=21 (517.031s)
[curve] refsoup_029 seed=2: rounds=30 end=None (496.8s)
[curve] refsoup_030 seed=2: rounds=30 end=None (464.884s)
[curve] refsoup_031 seed=2: rounds=30 end=None (382.471s)
Report: results/grid_2026_09/Qwen_Qwen3.5-4B_s2/curve/round_curve.json
HTML:   results/grid_2026_09/Qwen_Qwen3.5-4B_s2/curve/round_curve.html
