Your Tinker SDK version is outdated. Please upgrade to the latest version.
Warning: You are sending unauthenticated requests to the HF Hub. Please set a HF_TOKEN to enable higher rate limits and faster downloads.
[cap] refsoup_001 seed=2 cap=5: score=0.03 rounds=5 by=final_answer (39.799s)
[cap] refsoup_003 seed=2 cap=5: score=0.03 rounds=5 by=final_answer (25.892s)
[cap] refsoup_004 seed=2 cap=5: score=0.35 rounds=5 by=final_answer (24.674s)
[cap] refsoup_005 seed=2 cap=5: score=0.12 rounds=5 by=final_answer (26.086s)
[cap] refsoup_006 seed=2 cap=5: score=0.24 rounds=5 by=final_answer (47.076s)
[cap] refsoup_008 seed=2 cap=5: score=0.65 rounds=5 by=final_answer (22.724s)
[cap] refsoup_009 seed=2 cap=5: score=0.43 rounds=5 by=final_answer (22.256s)
[cap] refsoup_010 seed=2 cap=5: score=0.12 rounds=5 by=final_answer (28.414s)
[cap] refsoup_012 seed=2 cap=5: score=0.12 rounds=5 by=final_answer (27.005s)
[cap] refsoup_013 seed=2 cap=5: score=0.53 rounds=5 by=final_answer (21.051s)
[cap] refsoup_017 seed=2 cap=5: score=0.03 rounds=5 by=final_answer (34.079s)
[cap] refsoup_019 seed=2 cap=5: score=0.35 rounds=5 by=final_answer (22.181s)
[cap] refsoup_021 seed=2 cap=5: score=0.26 rounds=5 by=final_answer (23.803s)
[cap] refsoup_022 seed=2 cap=5: score=0.12 rounds=5 by=final_answer (24.102s)
[cap] refsoup_023 seed=2 cap=5: score=0.00 rounds=5 by=final_answer (21.789s)
[cap] refsoup_024 seed=2 cap=5: score=0.03 rounds=5 by=final_answer (37.463s)
[cap] refsoup_026 seed=2 cap=5: score=0.01 rounds=5 by=final_answer (23.073s)
[cap] refsoup_027 seed=2 cap=5: score=0.30 rounds=5 by=final_answer (23.119s)
[cap] refsoup_028 seed=2 cap=5: score=0.24 rounds=5 by=final_answer (30.336s)
[cap] refsoup_029 seed=2 cap=5: score=0.15 rounds=5 by=final_answer (26.834s)
[cap] refsoup_030 seed=2 cap=5: score=0.03 rounds=5 by=final_answer (23.954s)
[cap] refsoup_031 seed=2 cap=5: score=0.12 rounds=5 by=final_answer (29.336s)
[cap] refsoup_001 seed=2 cap=10: score=0.00 rounds=10 by=final_answer (63.975s)
[cap] refsoup_003 seed=2 cap=10: score=0.25 rounds=10 by=final_answer (60.607s)
[cap] refsoup_004 seed=2 cap=10: score=0.07 rounds=10 by=final_answer (42.315s)
[cap] refsoup_005 seed=2 cap=10: score=0.12 rounds=10 by=final_answer (39.36s)
[cap] refsoup_006 seed=2 cap=10: score=0.12 rounds=10 by=final_answer (37.652s)
[cap] refsoup_008 seed=2 cap=10: score=0.53 rounds=10 by=final_answer (41.821s)
[cap] refsoup_009 seed=2 cap=10: score=0.30 rounds=10 by=final_answer (38.058s)
[cap] refsoup_010 seed=2 cap=10: score=0.07 rounds=10 by=final_answer (40.673s)
[cap] refsoup_012 seed=2 cap=10: score=0.19 rounds=10 by=final_answer (61.26s)
[cap] refsoup_013 seed=2 cap=10: score=0.30 rounds=9 by=final_answer (34.553s)
[cap] refsoup_017 seed=2 cap=10: score=0.12 rounds=10 by=final_answer (38.932s)
[cap] refsoup_019 seed=2 cap=10: score=0.26 rounds=10 by=final_answer (42.273s)
[cap] refsoup_021 seed=2 cap=10: score=0.65 rounds=10 by=final_answer (42.073s)
[cap] refsoup_022 seed=2 cap=10: score=0.39 rounds=10 by=final_answer (42.833s)
[cap] refsoup_023 seed=2 cap=10: score=0.07 rounds=10 by=final_answer (44.397s)
[cap] refsoup_024 seed=2 cap=10: score=0.03 rounds=10 by=final_answer (37.841s)
[cap] refsoup_026 seed=2 cap=10: score=0.03 rounds=10 by=final_answer (40.6s)
[cap] refsoup_027 seed=2 cap=10: score=0.12 rounds=10 by=final_answer (41.839s)
[cap] refsoup_028 seed=2 cap=10: score=0.26 rounds=10 by=final_answer (60.628s)
[cap] refsoup_029 seed=2 cap=10: score=0.03 rounds=10 by=final_answer (39.058s)
[cap] refsoup_030 seed=2 cap=10: score=0.15 rounds=10 by=final_answer (43.886s)
[cap] refsoup_031 seed=2 cap=10: score=0.07 rounds=10 by=final_answer (52.795s)
[cap] refsoup_001 seed=2 cap=15: score=0.03 rounds=15 by=final_answer (53.998s)
[cap] refsoup_003 seed=2 cap=15: score=0.26 rounds=15 by=final_answer (73.272s)
[cap] refsoup_004 seed=2 cap=15: score=0.25 rounds=15 by=final_answer (76.37s)
[cap] refsoup_005 seed=2 cap=15: score=0.12 rounds=15 by=final_answer (59.492s)
[cap] refsoup_006 seed=2 cap=15: score=0.24 rounds=15 by=final_answer (58.891s)
[cap] refsoup_008 seed=2 cap=15: score=0.65 rounds=9 by=final_answer (35.671s)
[cap] refsoup_009 seed=2 cap=15: score=0.47 rounds=14 by=final_answer (52.381s)
[cap] refsoup_010 seed=2 cap=15: score=0.21 rounds=15 by=final_answer (58.452s)
[cap] refsoup_012 seed=2 cap=15: score=0.03 rounds=15 by=final_answer (76.78s)
[cap] refsoup_013 seed=2 cap=15: score=0.30 rounds=5 by=final_answer (20.1s)
[cap] refsoup_017 seed=2 cap=15: score=0.03 rounds=15 by=final_answer (55.961s)
[cap] refsoup_019 seed=2 cap=15: score=0.35 rounds=15 by=final_answer (58.615s)
[cap] refsoup_021 seed=2 cap=15: score=0.42 rounds=15 by=final_answer (77.039s)
[cap] refsoup_022 seed=2 cap=15: score=0.21 rounds=15 by=final_answer (55.553s)
[cap] refsoup_023 seed=2 cap=15: score=0.03 rounds=15 by=final_answer (57.205s)
[cap] refsoup_024 seed=2 cap=15: score=0.07 rounds=15 by=final_answer (80.225s)
[cap] refsoup_026 seed=2 cap=15: score=0.03 rounds=15 by=final_answer (56.729s)
[cap] refsoup_027 seed=2 cap=15: score=0.12 rounds=15 by=final_answer (58.319s)
[cap] refsoup_028 seed=2 cap=15: score=0.12 rounds=15 by=final_answer (79.168s)
[cap] refsoup_029 seed=2 cap=15: score=0.26 rounds=15 by=final_answer (78.946s)
[cap] refsoup_030 seed=2 cap=15: score=0.03 rounds=15 by=final_answer (55.082s)
[cap] refsoup_031 seed=2 cap=15: score=0.26 rounds=15 by=final_answer (56.472s)
[cap] refsoup_001 seed=2 cap=20: score=0.03 rounds=20 by=final_answer (110.634s)
[cap] refsoup_003 seed=2 cap=20: score=0.07 rounds=20 by=final_answer (74.971s)
[cap] refsoup_004 seed=2 cap=20: score=0.25 rounds=20 by=final_answer (92.162s)
[cap] refsoup_005 seed=2 cap=20: score=0.34 rounds=20 by=final_answer (93.396s)
[cap] refsoup_006 seed=2 cap=20: score=0.24 rounds=20 by=final_answer (87.614s)
[cap] refsoup_008 seed=2 cap=20: score=0.65 rounds=18 by=final_answer (65.944s)
[cap] refsoup_009 seed=2 cap=20: score=0.26 rounds=13 by=final_answer (50.251s)
[cap] refsoup_010 seed=2 cap=20: score=0.12 rounds=20 by=final_answer (95.02s)
[cap] refsoup_012 seed=2 cap=20: score=0.07 rounds=20 by=final_answer (89.888s)
[cap] refsoup_013 seed=2 cap=20: score=0.30 rounds=4 by=final_answer (15.885s)
[cap] refsoup_017 seed=2 cap=20: score=0.12 rounds=20 by=final_answer (76.654s)
[cap] refsoup_019 seed=2 cap=20: score=0.35 rounds=20 by=final_answer (76.278s)
[cap] refsoup_021 seed=2 cap=20: score=0.12 rounds=20 by=final_answer (77.773s)
[cap] refsoup_022 seed=2 cap=20: score=0.39 rounds=20 by=final_answer (71.019s)
[cap] refsoup_023 seed=2 cap=20: score=0.26 rounds=20 by=final_answer (75.495s)
[cap] refsoup_024 seed=2 cap=20: score=0.07 rounds=20 by=final_answer (100.791s)
[cap] refsoup_026 seed=2 cap=20: score=0.03 rounds=20 by=final_answer (93.677s)
[cap] refsoup_027 seed=2 cap=20: score=0.30 rounds=20 by=final_answer (74.121s)
[cap] refsoup_028 seed=2 cap=20: score=0.12 rounds=20 by=final_answer (74.935s)
[cap] refsoup_029 seed=2 cap=20: score=0.15 rounds=20 by=final_answer (77.227s)
[cap] refsoup_030 seed=2 cap=20: score=0.03 rounds=20 by=final_answer (69.692s)
[cap] refsoup_031 seed=2 cap=20: score=0.12 rounds=20 by=final_answer (72.855s)
[cap] refsoup_001 seed=2 cap=25: score=0.03 rounds=25 by=final_answer (102.694s)
[cap] refsoup_003 seed=2 cap=25: score=0.03 rounds=25 by=final_answer (110.831s)
[cap] refsoup_004 seed=2 cap=25: score=0.31 rounds=25 by=final_answer (107.626s)
[cap] refsoup_005 seed=2 cap=25: score=0.12 rounds=25 by=final_answer (90.701s)
[cap] refsoup_006 seed=2 cap=25: score=0.24 rounds=25 by=final_answer (91.867s)
[cap] refsoup_008 seed=2 cap=25: score=0.65 rounds=17 by=final_answer (62.718s)
[cap] refsoup_009 seed=2 cap=25: score=0.47 rounds=24 by=final_answer (82.613s)
[cap] refsoup_010 seed=2 cap=25: score=0.26 rounds=25 by=final_answer (115.094s)
[cap] refsoup_012 seed=2 cap=25: score=0.03 rounds=25 by=final_answer (114.363s)
[cap] refsoup_013 seed=2 cap=25: score=0.30 rounds=5 by=final_answer (21.5s)
[cap] refsoup_017 seed=2 cap=25: score=0.07 rounds=25 by=final_answer (87.63s)
[cap] refsoup_019 seed=2 cap=25: score=0.17 rounds=25 by=final_answer (103.35s)
[cap] refsoup_021 seed=2 cap=25: score=0.12 rounds=25 by=final_answer (109.515s)
[cap] refsoup_022 seed=2 cap=25: score=0.21 rounds=25 by=final_answer (91.042s)
[cap] refsoup_023 seed=2 cap=25: score=0.07 rounds=25 by=final_answer (109.197s)
[cap] refsoup_024 seed=2 cap=25: score=0.03 rounds=25 by=final_answer (120.43s)
[cap] refsoup_026 seed=2 cap=25: score=0.15 rounds=25 by=final_answer (109.509s)
[cap] refsoup_027 seed=2 cap=25: score=0.30 rounds=25 by=final_answer (89.104s)
[cap] refsoup_028 seed=2 cap=25: score=0.12 rounds=25 by=final_answer (101.546s)
[cap] refsoup_029 seed=2 cap=25: score=0.12 rounds=25 by=final_answer (90.45s)
[cap] refsoup_030 seed=2 cap=25: score=0.03 rounds=25 by=final_answer (114.1s)
[cap] refsoup_031 seed=2 cap=25: score=0.12 rounds=25 by=final_answer (88.43s)
[cap] refsoup_001 seed=2 cap=30: score=0.03 rounds=30 by=final_answer (120.912s)
[cap] refsoup_003 seed=2 cap=30: score=0.03 rounds=30 by=final_answer (129.256s)
[cap] refsoup_004 seed=2 cap=30: score=0.12 rounds=30 by=final_answer (104.963s)
[cap] refsoup_005 seed=2 cap=30: score=0.07 rounds=30 by=final_answer (109.868s)
[cap] refsoup_006 seed=2 cap=30: score=0.12 rounds=30 by=final_answer (107.094s)
[cap] refsoup_008 seed=2 cap=30: score=0.65 rounds=11 by=final_answer (41.61s)
[cap] refsoup_009 seed=2 cap=30: score=0.47 rounds=13 by=final_answer (50.122s)
[cap] refsoup_010 seed=2 cap=30: score=0.12 rounds=30 by=final_answer (102.475s)
[cap] refsoup_012 seed=2 cap=30: score=0.15 rounds=30 by=final_answer (151.386s)
[cap] refsoup_013 seed=2 cap=30: score=0.30 rounds=7 by=final_answer (26.957s)
[cap] refsoup_017 seed=2 cap=30: score=0.03 rounds=30 by=final_answer (110.067s)
[cap] refsoup_019 seed=2 cap=30: score=0.12 rounds=30 by=final_answer (109.973s)
[cap] refsoup_021 seed=2 cap=30: score=0.65 rounds=30 by=final_answer (113.723s)
[cap] refsoup_022 seed=2 cap=30: score=0.39 rounds=30 by=final_answer (106.378s)
[cap] refsoup_023 seed=2 cap=30: score=0.35 rounds=30 by=final_answer (125.274s)
[cap] refsoup_024 seed=2 cap=30: score=0.07 rounds=30 by=final_answer (109.711s)
[cap] refsoup_026 seed=2 cap=30: score=0.03 rounds=30 by=final_answer (126.838s)
[cap] refsoup_027 seed=2 cap=30: score=0.26 rounds=30 by=final_answer (103.998s)
[cap] refsoup_028 seed=2 cap=30: score=0.33 rounds=30 by=final_answer (105.471s)
[cap] refsoup_029 seed=2 cap=30: score=0.15 rounds=30 by=final_answer (122.578s)
[cap] refsoup_030 seed=2 cap=30: score=0.15 rounds=30 by=final_answer (134.423s)
[cap] refsoup_031 seed=2 cap=30: score=0.12 rounds=30 by=final_answer (102.938s)
Report: results/grid_2026_09/Qwen_Qwen3.5-397B-A17B_s2/caps/round_cap_sweep.json
HTML:   results/grid_2026_09/Qwen_Qwen3.5-397B-A17B_s2/caps/round_cap_sweep.html
