Warning: You are sending unauthenticated requests to the HF Hub. Please set a HF_TOKEN to enable higher rate limits and faster downloads.
[curve] refsoup_001 seed=2: rounds=30 end=None (749.968s)
[curve] refsoup_003 seed=2: rounds=30 end=None (519.586s)
[curve] refsoup_004 seed=2: rounds=30 end=None (754.351s)
[curve] refsoup_005 seed=2: rounds=30 end=None (713.068s)
[curve] refsoup_006 seed=2: rounds=30 end=None (564.845s)
[curve] refsoup_008 seed=2: rounds=11 end=11 (128.154s)
[curve] refsoup_009 seed=2: rounds=30 end=None (379.657s)
[curve] refsoup_010 seed=2: rounds=30 end=None (398.598s)
[curve] refsoup_012 seed=2: rounds=30 end=None (760.232s)
[curve] refsoup_013 seed=2: rounds=5 end=5 (46.055s)
[curve] refsoup_017 seed=2: rounds=30 end=None (699.15s)
[curve] refsoup_019 seed=2: rounds=30 end=None (392.659s)
[curve] refsoup_021 seed=2: rounds=30 end=None (711.901s)
[curve] refsoup_022 seed=2: rounds=30 end=None (328.385s)
[curve] refsoup_023 seed=2: rounds=30 end=None (535.69s)
[curve] refsoup_024 seed=2: rounds=30 end=None (476.672s)
[curve] refsoup_026 seed=2: rounds=30 end=None (486.483s)
[curve] refsoup_027 seed=2: rounds=30 end=None (343.28s)
[curve] refsoup_028 seed=2: rounds=30 end=None (445.585s)
[curve] refsoup_029 seed=2: rounds=30 end=None (610.054s)
[curve] refsoup_030 seed=2: rounds=30 end=None (413.605s)
[curve] refsoup_031 seed=2: rounds=30 end=None (351.454s)
Report: results/grid_2026_09/Qwen_Qwen3.5-397B-A17B_s2/curve/round_curve.json
HTML:   results/grid_2026_09/Qwen_Qwen3.5-397B-A17B_s2/curve/round_curve.html
