Your Tinker SDK version is outdated. Please upgrade to the latest version.
Warning: You are sending unauthenticated requests to the HF Hub. Please set a HF_TOKEN to enable higher rate limits and faster downloads.
[cap] refsoup_001 seed=1 cap=5: score=0.03 rounds=5 by=final_answer (72.972s)
[cap] refsoup_003 seed=1 cap=5: score=0.00 rounds=5 by=final_answer (53.916s)
[cap] refsoup_004 seed=1 cap=5: score=0.26 rounds=5 by=final_answer (46.857s)
[cap] refsoup_005 seed=1 cap=5: score=0.12 rounds=5 by=final_answer (23.493s)
[cap] refsoup_006 seed=1 cap=5: score=0.15 rounds=5 by=final_answer (52.225s)
[cap] refsoup_008 seed=1 cap=5: score=0.65 rounds=5 by=final_answer (26.131s)
[cap] refsoup_009 seed=1 cap=5: score=0.47 rounds=5 by=final_answer (24.381s)
[cap] refsoup_010 seed=1 cap=5: score=0.07 rounds=5 by=final_answer (27.103s)
[cap] refsoup_012 seed=1 cap=5: score=0.03 rounds=5 by=final_answer (55.51s)
[cap] refsoup_013 seed=1 cap=5: score=0.30 rounds=5 by=final_answer (31.181s)
[cap] refsoup_017 seed=1 cap=5: score=0.03 rounds=5 by=final_answer (25.754s)
[cap] refsoup_019 seed=1 cap=5: score=0.44 rounds=5 by=final_answer (30.619s)
[cap] refsoup_021 seed=1 cap=5: score=0.03 rounds=5 by=final_answer (48.872s)
[cap] refsoup_022 seed=1 cap=5: score=0.29 rounds=5 by=final_answer (24.084s)
[cap] refsoup_023 seed=1 cap=5: score=0.03 rounds=5 by=final_answer (41.327s)
[cap] refsoup_024 seed=1 cap=5: score=0.12 rounds=5 by=final_answer (37.605s)
[cap] refsoup_026 seed=1 cap=5: score=0.03 rounds=5 by=final_answer (27.843s)
[cap] refsoup_027 seed=1 cap=5: score=0.12 rounds=5 by=final_answer (28.256s)
[cap] refsoup_028 seed=1 cap=5: score=0.19 rounds=5 by=final_answer (53.89s)
[cap] refsoup_029 seed=1 cap=5: score=0.15 rounds=5 by=final_answer (41.119s)
[cap] refsoup_030 seed=1 cap=5: score=0.03 rounds=5 by=final_answer (46.042s)
[cap] refsoup_031 seed=1 cap=5: score=0.26 rounds=5 by=final_answer (40.865s)
[cap] refsoup_001 seed=1 cap=10: score=0.01 rounds=10 by=final_answer (63.547s)
[cap] refsoup_003 seed=1 cap=10: score=0.03 rounds=10 by=final_answer (44.129s)
[cap] refsoup_004 seed=1 cap=10: score=0.03 rounds=10 by=final_answer (67.819s)
[cap] refsoup_005 seed=1 cap=10: score=0.12 rounds=10 by=final_answer (67.265s)
[cap] refsoup_006 seed=1 cap=10: score=0.12 rounds=10 by=final_answer (44.607s)
[cap] refsoup_008 seed=1 cap=10: score=0.53 rounds=5 by=final_answer (21.539s)
[cap] refsoup_009 seed=1 cap=10: score=0.47 rounds=10 by=final_answer (39.303s)
[cap] refsoup_010 seed=1 cap=10: score=0.26 rounds=10 by=final_answer (71.542s)
[cap] refsoup_012 seed=1 cap=10: score=0.03 rounds=10 by=final_answer (67.421s)
[cap] refsoup_013 seed=1 cap=10: score=0.30 rounds=4 by=final_answer (18.541s)
[cap] refsoup_017 seed=1 cap=10: score=0.03 rounds=10 by=final_answer (42.275s)
[cap] refsoup_019 seed=1 cap=10: score=0.35 rounds=10 by=final_answer (42.274s)
[cap] refsoup_021 seed=1 cap=10: score=0.38 rounds=10 by=final_answer (67.746s)
[cap] refsoup_022 seed=1 cap=10: score=0.21 rounds=10 by=final_answer (36.063s)
[cap] refsoup_023 seed=1 cap=10: score=0.26 rounds=10 by=final_answer (64.131s)
[cap] refsoup_024 seed=1 cap=10: score=0.03 rounds=10 by=final_answer (40.072s)
[cap] refsoup_026 seed=1 cap=10: score=0.15 rounds=10 by=final_answer (65.502s)
[cap] refsoup_027 seed=1 cap=10: score=0.03 rounds=10 by=final_answer (47.873s)
[cap] refsoup_028 seed=1 cap=10: score=0.19 rounds=10 by=final_answer (70.52s)
[cap] refsoup_029 seed=1 cap=10: score=0.15 rounds=10 by=final_answer (66.437s)
[cap] refsoup_030 seed=1 cap=10: score=0.03 rounds=10 by=final_answer (56.699s)
[cap] refsoup_031 seed=1 cap=10: score=0.17 rounds=10 by=final_answer (48.216s)
[cap] refsoup_001 seed=1 cap=15: score=0.01 rounds=15 by=final_answer (87.961s)
[cap] refsoup_003 seed=1 cap=15: score=0.03 rounds=15 by=final_answer (91.386s)
[cap] refsoup_004 seed=1 cap=15: score=0.03 rounds=15 by=final_answer (83.079s)
[cap] refsoup_005 seed=1 cap=15: score=0.03 rounds=15 by=final_answer (84.997s)
[cap] refsoup_006 seed=1 cap=15: score=0.03 rounds=15 by=final_answer (88.188s)
[cap] refsoup_008 seed=1 cap=15: score=0.65 rounds=6 by=final_answer (24.503s)
[cap] refsoup_009 seed=1 cap=15: score=0.30 rounds=11 by=final_answer (40.817s)
[cap] refsoup_010 seed=1 cap=15: score=0.07 rounds=15 by=final_answer (55.232s)
[cap] refsoup_012 seed=1 cap=15: score=0.03 rounds=10 by=final_answer (66.968s)
[cap] refsoup_013 seed=1 cap=15: score=0.30 rounds=4 by=final_answer (16.501s)
[cap] refsoup_017 seed=1 cap=15: score=0.07 rounds=15 by=final_answer (55.364s)
[cap] refsoup_019 seed=1 cap=15: score=0.21 rounds=15 by=final_answer (62.872s)
[cap] refsoup_021 seed=1 cap=15: score=0.42 rounds=15 by=final_answer (82.269s)
[cap] refsoup_022 seed=1 cap=15: score=0.29 rounds=15 by=final_answer (82.588s)
[cap] refsoup_023 seed=1 cap=15: score=0.00 rounds=15 by=final_answer (81.986s)
[cap] refsoup_024 seed=1 cap=15: score=0.07 rounds=15 by=final_answer (56.196s)
[cap] refsoup_026 seed=1 cap=15: score=0.03 rounds=15 by=final_answer (76.441s)
[cap] refsoup_027 seed=1 cap=15: score=0.03 rounds=15 by=final_answer (86.25s)
[cap] refsoup_028 seed=1 cap=15: score=0.03 rounds=15 by=final_answer (85.773s)
[cap] refsoup_029 seed=1 cap=15: score=0.03 rounds=15 by=final_answer (81.477s)
[cap] refsoup_030 seed=1 cap=15: score=0.15 rounds=15 by=final_answer (82.101s)
[cap] refsoup_031 seed=1 cap=15: score=0.12 rounds=15 by=final_answer (63.416s)
[cap] refsoup_001 seed=1 cap=20: score=0.03 rounds=20 by=final_answer (71.803s)
[cap] refsoup_003 seed=1 cap=20: score=0.00 rounds=20 by=final_answer (102.398s)
[cap] refsoup_004 seed=1 cap=20: score=0.03 rounds=20 by=final_answer (121.855s)
[cap] refsoup_005 seed=1 cap=20: score=0.12 rounds=20 by=final_answer (82.942s)
[cap] refsoup_006 seed=1 cap=20: score=0.12 rounds=20 by=final_answer (117.158s)
[cap] refsoup_008 seed=1 cap=20: score=0.53 rounds=7 by=final_answer (29.571s)
[cap] refsoup_009 seed=1 cap=20: score=0.30 rounds=12 by=final_answer (45.269s)
[cap] refsoup_010 seed=1 cap=20: score=0.03 rounds=20 by=final_answer (77.016s)
[cap] refsoup_012 seed=1 cap=20: score=0.03 rounds=20 by=final_answer (155.449s)
[cap] refsoup_013 seed=1 cap=20: score=0.30 rounds=5 by=final_answer (24.068s)
[cap] refsoup_017 seed=1 cap=20: score=0.12 rounds=8 by=final_answer (47.512s)
[cap] refsoup_019 seed=1 cap=20: score=0.30 rounds=20 by=final_answer (95.384s)
[cap] refsoup_021 seed=1 cap=20: score=0.03 rounds=20 by=final_answer (119.833s)
[cap] refsoup_022 seed=1 cap=20: score=0.39 rounds=20 by=final_answer (72.73s)
[cap] refsoup_023 seed=1 cap=20: score=0.01 rounds=20 by=final_answer (119.589s)
[cap] refsoup_024 seed=1 cap=20: score=0.47 rounds=20 by=final_answer (131.562s)
[cap] refsoup_026 seed=1 cap=20: score=0.03 rounds=20 by=final_answer (98.579s)
[cap] refsoup_027 seed=1 cap=20: score=0.03 rounds=20 by=final_answer (76.0s)
[cap] refsoup_028 seed=1 cap=20: score=0.19 rounds=20 by=final_answer (97.557s)
[cap] refsoup_029 seed=1 cap=20: score=0.35 rounds=20 by=final_answer (92.536s)
[cap] refsoup_030 seed=1 cap=20: score=0.00 rounds=20 by=final_answer (99.371s)
[cap] refsoup_031 seed=1 cap=20: score=0.26 rounds=20 by=final_answer (109.209s)
[cap] refsoup_001 seed=1 cap=25: score=0.03 rounds=25 by=final_answer (115.257s)
[cap] refsoup_003 seed=1 cap=25: score=0.03 rounds=25 by=final_answer (114.817s)
[cap] refsoup_004 seed=1 cap=25: score=0.31 rounds=25 by=final_answer (117.873s)
[cap] refsoup_005 seed=1 cap=25: score=0.07 rounds=25 by=final_answer (116.718s)
[cap] refsoup_006 seed=1 cap=25: score=0.03 rounds=25 by=final_answer (114.363s)
[cap] refsoup_008 seed=1 cap=25: score=0.65 rounds=9 by=final_answer (34.698s)
[cap] refsoup_009 seed=1 cap=25: score=0.47 rounds=17 by=final_answer (70.366s)
[cap] refsoup_010 seed=1 cap=25: score=0.21 rounds=25 by=final_answer (107.571s)
[cap] refsoup_012 seed=1 cap=25: score=0.03 rounds=25 by=final_answer (156.361s)
[cap] refsoup_013 seed=1 cap=25: score=0.30 rounds=8 by=final_answer (29.666s)
[cap] refsoup_017 seed=1 cap=25: score=0.03 rounds=25 by=final_answer (104.622s)
[cap] refsoup_019 seed=1 cap=25: score=0.44 rounds=25 by=final_answer (95.353s)
[cap] refsoup_021 seed=1 cap=25: score=0.03 rounds=25 by=final_answer (122.421s)
[cap] refsoup_022 seed=1 cap=25: score=0.47 rounds=25 by=final_answer (87.085s)
[cap] refsoup_023 seed=1 cap=25: score=0.03 rounds=25 by=final_answer (83.028s)
[cap] refsoup_024 seed=1 cap=25: score=0.47 rounds=25 by=final_answer (117.711s)
[cap] refsoup_026 seed=1 cap=25: score=0.03 rounds=25 by=final_answer (124.505s)
[cap] refsoup_027 seed=1 cap=25: score=0.01 rounds=25 by=final_answer (99.999s)
[cap] refsoup_028 seed=1 cap=25: score=0.03 rounds=25 by=final_answer (192.198s)
[cap] refsoup_029 seed=1 cap=25: score=0.15 rounds=25 by=final_answer (118.228s)
[cap] refsoup_030 seed=1 cap=25: score=0.00 rounds=25 by=final_answer (117.36s)
[cap] refsoup_031 seed=1 cap=25: score=0.12 rounds=25 by=final_answer (97.345s)
[cap] refsoup_001 seed=1 cap=30: score=0.03 rounds=30 by=final_answer (108.677s)
[cap] refsoup_003 seed=1 cap=30: score=0.25 rounds=30 by=final_answer (134.227s)
[cap] refsoup_004 seed=1 cap=30: score=0.12 rounds=30 by=final_answer (234.769s)
[cap] refsoup_005 seed=1 cap=30: score=0.12 rounds=30 by=final_answer (283.294s)
[cap] refsoup_006 seed=1 cap=30: score=0.33 rounds=30 by=final_answer (147.351s)
[cap] refsoup_008 seed=1 cap=30: score=0.65 rounds=8 by=final_answer (50.257s)
[cap] refsoup_009 seed=1 cap=30: score=0.65 rounds=30 by=final_answer (146.245s)
[cap] refsoup_010 seed=1 cap=30: score=0.07 rounds=30 by=final_answer (154.249s)
[cap] refsoup_012 seed=1 cap=30: score=0.00 rounds=28 by=token_budget (132.352s)
[cap] refsoup_013 seed=1 cap=30: score=0.30 rounds=4 by=final_answer (21.754s)
[cap] refsoup_017 seed=1 cap=30: score=0.03 rounds=30 by=final_answer (131.968s)
[cap] refsoup_019 seed=1 cap=30: score=0.44 rounds=30 by=final_answer (111.273s)
[cap] refsoup_021 seed=1 cap=30: score=0.12 rounds=30 by=final_answer (116.491s)
[cap] refsoup_022 seed=1 cap=30: score=0.21 rounds=30 by=final_answer (105.163s)
[cap] refsoup_023 seed=1 cap=30: score=0.03 rounds=30 by=final_answer (161.97s)
[cap] refsoup_024 seed=1 cap=30: score=0.47 rounds=30 by=final_answer (112.08s)
[cap] refsoup_026 seed=1 cap=30: score=0.03 rounds=30 by=final_answer (107.806s)
[cap] refsoup_027 seed=1 cap=30: score=0.03 rounds=30 by=final_answer (129.565s)
[cap] refsoup_028 seed=1 cap=30: score=0.12 rounds=16 by=final_answer (89.107s)
[cap] refsoup_029 seed=1 cap=30: score=0.15 rounds=30 by=final_answer (133.265s)
[cap] refsoup_030 seed=1 cap=30: score=0.03 rounds=30 by=final_answer (101.157s)
[cap] refsoup_031 seed=1 cap=30: score=0.03 rounds=30 by=final_answer (133.607s)
Report: results/grid_2026_09/Qwen_Qwen3.6-27B_s1/caps/round_cap_sweep.json
HTML:   results/grid_2026_09/Qwen_Qwen3.6-27B_s1/caps/round_cap_sweep.html
