Warning: You are sending unauthenticated requests to the HF Hub. Please set a HF_TOKEN to enable higher rate limits and faster downloads.
[curve] refsoup_001 seed=1: rounds=30 end=None (877.433s)
[curve] refsoup_003 seed=1: rounds=30 end=None (392.744s)
[curve] refsoup_004 seed=1: rounds=30 end=None (932.551s)
[curve] refsoup_005 seed=1: rounds=30 end=None (1247.828s)
[curve] refsoup_006 seed=1: rounds=30 end=None (991.14s)
[curve] refsoup_008 seed=1: rounds=9 end=9 (104.648s)
[curve] refsoup_009 seed=1: rounds=11 end=11 (129.473s)
[curve] refsoup_010 seed=1: rounds=30 end=None (1102.023s)
[curve] refsoup_012 seed=1: rounds=30 end=None (1095.119s)
[curve] refsoup_013 seed=1: rounds=4 end=4 (40.175s)
[curve] refsoup_017 seed=1: rounds=13 end=13 (256.525s)
[curve] refsoup_019 seed=1: rounds=30 end=None (707.446s)
[curve] refsoup_021 seed=1: rounds=17 end=17 (297.755s)
[curve] refsoup_022 seed=1: rounds=30 end=None (376.757s)
[curve] refsoup_023 seed=1: rounds=22 end=22 (712.921s)
[curve] refsoup_024 seed=1: rounds=30 end=None (374.933s)
[curve] refsoup_026 seed=1: rounds=30 end=None (747.575s)
[curve] refsoup_027 seed=1: rounds=30 end=None (791.014s)
[curve] refsoup_028 seed=1: rounds=30 end=None (991.491s)
[curve] refsoup_029 seed=1: rounds=30 end=None (1064.15s)
[curve] refsoup_030 seed=1: rounds=30 end=None (700.344s)
[curve] refsoup_031 seed=1: rounds=30 end=None (661.783s)
Report: results/grid_2026_09/Qwen_Qwen3.6-27B_s1/curve/round_curve.json
HTML:   results/grid_2026_09/Qwen_Qwen3.6-27B_s1/curve/round_curve.html
