Your Tinker SDK version is outdated. Please upgrade to the latest version.
Warning: You are sending unauthenticated requests to the HF Hub. Please set a HF_TOKEN to enable higher rate limits and faster downloads.
[cap] refsoup_001 seed=2 cap=5: score=0.01 rounds=5 by=final_answer (73.915s)
[cap] refsoup_003 seed=2 cap=5: score=0.03 rounds=5 by=final_answer (23.166s)
[cap] refsoup_004 seed=2 cap=5: score=0.35 rounds=5 by=final_answer (27.661s)
[cap] refsoup_005 seed=2 cap=5: score=0.03 rounds=5 by=final_answer (50.2s)
[cap] refsoup_006 seed=2 cap=5: score=0.03 rounds=5 by=final_answer (50.953s)
[cap] refsoup_008 seed=2 cap=5: score=0.65 rounds=5 by=final_answer (23.29s)
[cap] refsoup_009 seed=2 cap=5: score=0.21 rounds=5 by=final_answer (22.381s)
[cap] refsoup_010 seed=2 cap=5: score=0.26 rounds=5 by=final_answer (46.373s)
[cap] refsoup_012 seed=2 cap=5: score=0.03 rounds=5 by=final_answer (24.066s)
[cap] refsoup_013 seed=2 cap=5: score=0.30 rounds=4 by=final_answer (17.182s)
[cap] refsoup_017 seed=2 cap=5: score=0.03 rounds=5 by=final_answer (50.144s)
[cap] refsoup_019 seed=2 cap=5: score=0.44 rounds=5 by=final_answer (30.872s)
[cap] refsoup_021 seed=2 cap=5: score=0.03 rounds=5 by=final_answer (46.405s)
[cap] refsoup_022 seed=2 cap=5: score=0.21 rounds=5 by=final_answer (22.426s)
[cap] refsoup_023 seed=2 cap=5: score=0.26 rounds=5 by=final_answer (24.814s)
[cap] refsoup_024 seed=2 cap=5: score=0.07 rounds=5 by=final_answer (25.07s)
[cap] refsoup_026 seed=2 cap=5: score=0.03 rounds=5 by=final_answer (40.573s)
[cap] refsoup_027 seed=2 cap=5: score=0.03 rounds=5 by=final_answer (24.636s)
[cap] refsoup_028 seed=2 cap=5: score=0.03 rounds=5 by=final_answer (43.218s)
[cap] refsoup_029 seed=2 cap=5: score=0.15 rounds=5 by=final_answer (41.174s)
[cap] refsoup_030 seed=2 cap=5: score=0.03 rounds=5 by=final_answer (44.12s)
[cap] refsoup_031 seed=2 cap=5: score=0.26 rounds=5 by=final_answer (53.596s)
[cap] refsoup_001 seed=2 cap=10: score=0.03 rounds=10 by=final_answer (40.003s)
[cap] refsoup_003 seed=2 cap=10: score=0.03 rounds=10 by=final_answer (43.53s)
[cap] refsoup_004 seed=2 cap=10: score=0.50 rounds=10 by=final_answer (67.792s)
[cap] refsoup_005 seed=2 cap=10: score=0.07 rounds=10 by=final_answer (67.468s)
[cap] refsoup_006 seed=2 cap=10: score=0.42 rounds=10 by=final_answer (41.311s)
[cap] refsoup_008 seed=2 cap=10: score=0.77 rounds=8 by=final_answer (31.459s)
[cap] refsoup_009 seed=2 cap=10: score=0.17 rounds=10 by=final_answer (41.963s)
[cap] refsoup_010 seed=2 cap=10: score=0.03 rounds=10 by=final_answer (70.887s)
[cap] refsoup_012 seed=2 cap=10: score=0.03 rounds=10 by=final_answer (71.287s)
[cap] refsoup_013 seed=2 cap=10: score=0.30 rounds=4 by=final_answer (16.839s)
[cap] refsoup_017 seed=2 cap=10: score=0.03 rounds=10 by=final_answer (65.11s)
[cap] refsoup_019 seed=2 cap=10: score=0.03 rounds=10 by=final_answer (108.613s)
[cap] refsoup_021 seed=2 cap=10: score=0.38 rounds=10 by=final_answer (69.1s)
[cap] refsoup_022 seed=2 cap=10: score=0.21 rounds=10 by=final_answer (40.779s)
[cap] refsoup_023 seed=2 cap=10: score=0.26 rounds=10 by=final_answer (60.518s)
[cap] refsoup_024 seed=2 cap=10: score=0.07 rounds=10 by=final_answer (44.852s)
[cap] refsoup_026 seed=2 cap=10: score=0.03 rounds=10 by=final_answer (65.573s)
[cap] refsoup_027 seed=2 cap=10: score=0.03 rounds=10 by=final_answer (45.013s)
[cap] refsoup_028 seed=2 cap=10: score=0.24 rounds=10 by=final_answer (58.98s)
[cap] refsoup_029 seed=2 cap=10: score=0.26 rounds=10 by=final_answer (67.758s)
[cap] refsoup_030 seed=2 cap=10: score=0.03 rounds=10 by=final_answer (60.982s)
[cap] refsoup_031 seed=2 cap=10: score=0.26 rounds=10 by=final_answer (57.623s)
[cap] refsoup_001 seed=2 cap=15: score=0.03 rounds=15 by=final_answer (55.949s)
[cap] refsoup_003 seed=2 cap=15: score=0.03 rounds=15 by=final_answer (59.607s)
[cap] refsoup_004 seed=2 cap=15: score=0.12 rounds=15 by=final_answer (76.935s)
[cap] refsoup_005 seed=2 cap=15: score=0.03 rounds=15 by=final_answer (83.208s)
[cap] refsoup_006 seed=2 cap=15: score=0.12 rounds=15 by=final_answer (55.62s)
[cap] refsoup_008 seed=2 cap=15: score=0.65 rounds=8 by=final_answer (30.818s)
[cap] refsoup_009 seed=2 cap=15: score=0.39 rounds=15 by=final_answer (58.443s)
[cap] refsoup_010 seed=2 cap=15: score=0.17 rounds=15 by=final_answer (86.709s)
[cap] refsoup_012 seed=2 cap=15: score=0.03 rounds=15 by=final_answer (89.686s)
[cap] refsoup_013 seed=2 cap=15: score=0.30 rounds=8 by=final_answer (28.243s)
[cap] refsoup_017 seed=2 cap=15: score=0.03 rounds=15 by=final_answer (83.271s)
[cap] refsoup_019 seed=2 cap=15: score=0.03 rounds=15 by=final_answer (80.541s)
[cap] refsoup_021 seed=2 cap=15: score=0.12 rounds=15 by=final_answer (63.961s)
[cap] refsoup_022 seed=2 cap=15: score=0.12 rounds=15 by=final_answer (60.434s)
[cap] refsoup_023 seed=2 cap=15: score=0.25 rounds=15 by=final_answer (88.469s)
[cap] refsoup_024 seed=2 cap=15: score=0.07 rounds=15 by=final_answer (77.466s)
[cap] refsoup_026 seed=2 cap=15: score=0.03 rounds=15 by=final_answer (55.577s)
[cap] refsoup_027 seed=2 cap=15: score=0.00 rounds=15 by=final_answer (82.855s)
[cap] refsoup_028 seed=2 cap=15: score=0.03 rounds=15 by=final_answer (78.053s)
[cap] refsoup_029 seed=2 cap=15: score=0.15 rounds=15 by=final_answer (81.706s)
[cap] refsoup_030 seed=2 cap=15: score=0.00 rounds=15 by=final_answer (79.115s)
[cap] refsoup_031 seed=2 cap=15: score=0.26 rounds=15 by=final_answer (127.116s)
[cap] refsoup_001 seed=2 cap=20: score=0.03 rounds=20 by=final_answer (73.922s)
[cap] refsoup_003 seed=2 cap=20: score=0.00 rounds=20 by=final_answer (113.918s)
[cap] refsoup_004 seed=2 cap=20: score=0.03 rounds=20 by=final_answer (130.51s)
[cap] refsoup_005 seed=2 cap=20: score=0.12 rounds=20 by=final_answer (74.553s)
[cap] refsoup_006 seed=2 cap=20: score=0.12 rounds=20 by=final_answer (123.938s)
[cap] refsoup_008 seed=2 cap=20: score=0.53 rounds=11 by=final_answer (64.056s)
[cap] refsoup_009 seed=2 cap=20: score=0.47 rounds=20 by=final_answer (91.002s)
[cap] refsoup_010 seed=2 cap=20: score=0.03 rounds=20 by=final_answer (162.515s)
[cap] refsoup_012 seed=2 cap=20: score=0.15 rounds=20 by=final_answer (145.246s)
[cap] refsoup_013 seed=2 cap=20: score=0.30 rounds=5 by=final_answer (20.852s)
[cap] refsoup_017 seed=2 cap=20: score=0.03 rounds=20 by=final_answer (68.996s)
[cap] refsoup_019 seed=2 cap=20: score=0.44 rounds=20 by=final_answer (79.135s)
[cap] refsoup_021 seed=2 cap=20: score=0.38 rounds=20 by=final_answer (96.41s)
[cap] refsoup_022 seed=2 cap=20: score=0.12 rounds=20 by=final_answer (81.942s)
[cap] refsoup_023 seed=2 cap=20: score=0.00 rounds=20 by=final_answer (96.125s)
[cap] refsoup_024 seed=2 cap=20: score=0.65 rounds=20 by=final_answer (80.693s)
[cap] refsoup_026 seed=2 cap=20: score=0.15 rounds=20 by=final_answer (95.733s)
[cap] refsoup_027 seed=2 cap=20: score=0.12 rounds=20 by=final_answer (67.099s)
[cap] refsoup_028 seed=2 cap=20: score=0.03 rounds=20 by=final_answer (101.479s)
[cap] refsoup_029 seed=2 cap=20: score=0.26 rounds=20 by=final_answer (105.409s)
[cap] refsoup_030 seed=2 cap=20: score=0.03 rounds=20 by=final_answer (70.182s)
[cap] refsoup_031 seed=2 cap=20: score=0.12 rounds=20 by=final_answer (83.824s)
[cap] refsoup_001 seed=2 cap=25: score=0.03 rounds=25 by=final_answer (88.794s)
[cap] refsoup_003 seed=2 cap=25: score=0.03 rounds=25 by=final_answer (88.4s)
[cap] refsoup_004 seed=2 cap=25: score=0.26 rounds=25 by=final_answer (119.266s)
[cap] refsoup_005 seed=2 cap=25: score=0.12 rounds=25 by=final_answer (92.259s)
[cap] refsoup_006 seed=2 cap=25: score=0.21 rounds=25 by=final_answer (90.447s)
[cap] refsoup_008 seed=2 cap=25: score=0.53 rounds=9 by=final_answer (35.02s)
[cap] refsoup_009 seed=2 cap=25: score=0.30 rounds=10 by=final_answer (39.258s)
[cap] refsoup_010 seed=2 cap=25: score=0.07 rounds=25 by=final_answer (123.181s)
[cap] refsoup_012 seed=2 cap=25: score=0.03 rounds=25 by=final_answer (160.245s)
[cap] refsoup_013 seed=2 cap=25: score=0.30 rounds=6 by=final_answer (22.698s)
[cap] refsoup_017 seed=2 cap=25: score=0.03 rounds=25 by=final_answer (119.507s)
[cap] refsoup_019 seed=2 cap=25: score=0.21 rounds=25 by=final_answer (97.105s)
[cap] refsoup_021 seed=2 cap=25: score=0.01 rounds=25 by=final_answer (184.264s)
[cap] refsoup_022 seed=2 cap=25: score=0.39 rounds=25 by=final_answer (94.243s)
[cap] refsoup_023 seed=2 cap=25: score=0.03 rounds=25 by=final_answer (102.516s)
[cap] refsoup_024 seed=2 cap=25: score=0.52 rounds=17 by=final_answer (64.521s)
[cap] refsoup_026 seed=2 cap=25: score=0.19 rounds=25 by=final_answer (96.874s)
[cap] refsoup_027 seed=2 cap=25: score=0.03 rounds=25 by=final_answer (91.476s)
[cap] refsoup_028 seed=2 cap=25: score=0.19 rounds=25 by=final_answer (151.318s)
[cap] refsoup_029 seed=2 cap=25: score=0.03 rounds=25 by=final_answer (206.167s)
[cap] refsoup_030 seed=2 cap=25: score=0.01 rounds=25 by=final_answer (144.008s)
[cap] refsoup_031 seed=2 cap=25: score=0.21 rounds=25 by=final_answer (217.253s)
[cap] refsoup_001 seed=2 cap=30: score=0.03 rounds=30 by=final_answer (186.904s)
[cap] refsoup_003 seed=2 cap=30: score=0.03 rounds=30 by=final_answer (125.376s)
[cap] refsoup_004 seed=2 cap=30: score=0.35 rounds=30 by=final_answer (147.848s)
[cap] refsoup_005 seed=2 cap=30: score=0.21 rounds=30 by=final_answer (142.763s)
[cap] refsoup_006 seed=2 cap=30: score=0.24 rounds=30 by=final_answer (119.968s)
[cap] refsoup_008 seed=2 cap=30: score=0.53 rounds=9 by=final_answer (35.155s)
[cap] refsoup_009 seed=2 cap=30: score=0.47 rounds=15 by=final_answer (54.093s)
[cap] refsoup_010 seed=2 cap=30: score=0.03 rounds=30 by=final_answer (111.4s)
[cap] refsoup_012 seed=2 cap=30: score=0.15 rounds=30 by=final_answer (156.755s)
[cap] refsoup_013 seed=2 cap=30: score=0.35 rounds=30 by=final_answer (149.711s)
[cap] refsoup_017 seed=2 cap=30: score=0.03 rounds=30 by=final_answer (140.859s)
[cap] refsoup_019 seed=2 cap=30: score=0.00 rounds=27 by=token_budget (186.419s)
[cap] refsoup_021 seed=2 cap=30: score=0.03 rounds=30 by=final_answer (107.011s)
[cap] refsoup_022 seed=2 cap=30: score=0.39 rounds=30 by=final_answer (104.251s)
[cap] refsoup_023 seed=2 cap=30: score=0.03 rounds=30 by=final_answer (103.987s)
[cap] refsoup_024 seed=2 cap=30: score=0.47 rounds=18 by=final_answer (65.594s)
[cap] refsoup_026 seed=2 cap=30: score=0.07 rounds=30 by=final_answer (116.065s)
[cap] refsoup_027 seed=2 cap=30: score=0.03 rounds=30 by=final_answer (140.287s)
[cap] refsoup_028 seed=2 cap=30: score=0.07 rounds=30 by=final_answer (128.097s)
[cap] refsoup_029 seed=2 cap=30: score=0.13 rounds=30 by=final_answer (128.866s)
[cap] refsoup_030 seed=2 cap=30: score=0.03 rounds=30 by=final_answer (106.856s)
[cap] refsoup_031 seed=2 cap=30: score=0.12 rounds=30 by=final_answer (114.788s)
Report: results/grid_2026_09/Qwen_Qwen3.6-27B_s2/caps/round_cap_sweep.json
HTML:   results/grid_2026_09/Qwen_Qwen3.6-27B_s2/caps/round_cap_sweep.html
