Warning: You are sending unauthenticated requests to the HF Hub. Please set a HF_TOKEN to enable higher rate limits and faster downloads.
[curve] refsoup_001 seed=2: rounds=30 end=None (838.368s)
[curve] refsoup_003 seed=2: rounds=30 end=None (597.252s)
[curve] refsoup_004 seed=2: rounds=14 end=14 (321.775s)
[curve] refsoup_005 seed=2: rounds=30 end=None (538.503s)
[curve] refsoup_006 seed=2: rounds=30 end=None (823.535s)
[curve] refsoup_008 seed=2: rounds=6 end=6 (73.519s)
[curve] refsoup_009 seed=2: rounds=30 end=None (395.507s)
[curve] refsoup_010 seed=2: rounds=30 end=None (892.853s)
[curve] refsoup_012 seed=2: rounds=30 end=None (1013.906s)
[curve] refsoup_013 seed=2: rounds=6 end=6 (61.943s)
[curve] refsoup_017 seed=2: rounds=30 end=None (783.182s)
[curve] refsoup_019 seed=2: rounds=30 end=None (652.87s)
[curve] refsoup_021 seed=2: rounds=30 end=None (1173.236s)
[curve] refsoup_022 seed=2: rounds=30 end=None (461.305s)
[curve] refsoup_023 seed=2: rounds=30 end=None (760.481s)
[curve] refsoup_024 seed=2: rounds=30 end=None (632.23s)
[curve] refsoup_026 seed=2: rounds=30 end=None (944.836s)
[curve] refsoup_027 seed=2: rounds=30 end=None (789.367s)
[curve] refsoup_028 seed=2: rounds=30 end=None (949.986s)
[curve] refsoup_029 seed=2: rounds=30 end=None (1127.395s)
[curve] refsoup_030 seed=2: rounds=30 end=None (985.86s)
[curve] refsoup_031 seed=2: rounds=30 end=None (547.952s)
Report: results/grid_2026_09/Qwen_Qwen3.6-27B_s2/curve/round_curve.json
HTML:   results/grid_2026_09/Qwen_Qwen3.6-27B_s2/curve/round_curve.html
