Your Tinker SDK version is outdated. Please upgrade to the latest version.
Warning: You are sending unauthenticated requests to the HF Hub. Please set a HF_TOKEN to enable higher rate limits and faster downloads.
[cap] refsoup_001 seed=0 cap=5: score=0.03 rounds=5 by=final_answer (105.136s)
[cap] refsoup_003 seed=0 cap=5: score=0.03 rounds=5 by=final_answer (27.976s)
[cap] refsoup_004 seed=0 cap=5: score=0.01 rounds=5 by=final_answer (22.689s)
[cap] refsoup_005 seed=0 cap=5: score=0.03 rounds=5 by=final_answer (33.412s)
[cap] refsoup_006 seed=0 cap=5: score=0.03 rounds=5 by=final_answer (72.068s)
[cap] refsoup_008 seed=0 cap=5: score=0.03 rounds=5 by=final_answer (24.054s)
[cap] refsoup_009 seed=0 cap=5: score=0.03 rounds=5 by=final_answer (30.922s)
[cap] refsoup_010 seed=0 cap=5: score=0.03 rounds=5 by=final_answer (38.694s)
[cap] refsoup_012 seed=0 cap=5: score=0.03 rounds=5 by=final_answer (20.532s)
[cap] refsoup_013 seed=0 cap=5: score=0.12 rounds=5 by=final_answer (44.83s)
[cap] refsoup_017 seed=0 cap=5: score=0.03 rounds=5 by=final_answer (42.932s)
[cap] refsoup_019 seed=0 cap=5: score=0.12 rounds=5 by=final_answer (29.017s)
[cap] refsoup_021 seed=0 cap=5: score=0.03 rounds=5 by=final_answer (48.481s)
[cap] refsoup_022 seed=0 cap=5: score=0.12 rounds=5 by=final_answer (21.278s)
[cap] refsoup_023 seed=0 cap=5: score=0.00 rounds=5 by=final_answer (20.077s)
[cap] refsoup_024 seed=0 cap=5: score=0.12 rounds=5 by=final_answer (27.771s)
[cap] refsoup_026 seed=0 cap=5: score=0.03 rounds=5 by=final_answer (23.254s)
[cap] refsoup_027 seed=0 cap=5: score=0.01 rounds=5 by=final_answer (30.286s)
[cap] refsoup_028 seed=0 cap=5: score=0.03 rounds=5 by=final_answer (47.124s)
[cap] refsoup_029 seed=0 cap=5: score=0.03 rounds=5 by=final_answer (36.208s)
[cap] refsoup_030 seed=0 cap=5: score=0.03 rounds=5 by=final_answer (40.719s)
[cap] refsoup_031 seed=0 cap=5: score=0.03 rounds=5 by=final_answer (33.139s)
[cap] refsoup_001 seed=0 cap=10: score=0.03 rounds=10 by=final_answer (35.821s)
[cap] refsoup_003 seed=0 cap=10: score=0.03 rounds=10 by=final_answer (72.7s)
[cap] refsoup_004 seed=0 cap=10: score=0.03 rounds=10 by=final_answer (49.094s)
[cap] refsoup_005 seed=0 cap=10: score=0.03 rounds=10 by=final_answer (124.577s)
[cap] refsoup_006 seed=0 cap=10: score=0.12 rounds=10 by=final_answer (58.064s)
[cap] refsoup_008 seed=0 cap=10: score=0.03 rounds=10 by=final_answer (66.199s)
[cap] refsoup_009 seed=0 cap=10: score=0.03 rounds=10 by=final_answer (35.327s)
[cap] refsoup_010 seed=0 cap=10: score=0.12 rounds=10 by=final_answer (74.151s)
[cap] refsoup_012 seed=0 cap=10: score=0.00 rounds=10 by=final_answer (70.106s)
[cap] refsoup_013 seed=0 cap=10: score=0.03 rounds=10 by=final_answer (90.774s)
[cap] refsoup_017 seed=0 cap=10: score=0.12 rounds=10 by=final_answer (59.285s)
[cap] refsoup_019 seed=0 cap=10: score=0.07 rounds=10 by=final_answer (87.809s)
[cap] refsoup_021 seed=0 cap=10: score=0.12 rounds=10 by=final_answer (82.001s)
[cap] refsoup_022 seed=0 cap=10: score=0.00 rounds=9 by=token_budget (97.882s)
[cap] refsoup_023 seed=0 cap=10: score=0.03 rounds=10 by=final_answer (47.249s)
[cap] refsoup_024 seed=0 cap=10: score=0.01 rounds=10 by=final_answer (100.73s)
[cap] refsoup_026 seed=0 cap=10: score=0.00 rounds=10 by=final_answer (64.592s)
[cap] refsoup_027 seed=0 cap=10: score=0.03 rounds=10 by=final_answer (71.069s)
[cap] refsoup_028 seed=0 cap=10: score=0.00 rounds=7 by=token_budget (100.29s)
[cap] refsoup_029 seed=0 cap=10: score=0.03 rounds=10 by=final_answer (73.876s)
[cap] refsoup_030 seed=0 cap=10: score=0.03 rounds=10 by=final_answer (49.044s)
[cap] refsoup_031 seed=0 cap=10: score=0.03 rounds=10 by=final_answer (55.97s)
[cap] refsoup_001 seed=0 cap=15: score=0.03 rounds=15 by=final_answer (88.453s)
[cap] refsoup_003 seed=0 cap=15: score=0.03 rounds=15 by=final_answer (82.93s)
[cap] refsoup_004 seed=0 cap=15: score=0.03 rounds=14 by=final_answer (97.963s)
[cap] refsoup_005 seed=0 cap=15: score=0.00 rounds=13 by=token_budget (137.439s)
[cap] refsoup_006 seed=0 cap=15: score=0.03 rounds=15 by=final_answer (108.233s)
[cap] refsoup_008 seed=0 cap=15: score=0.03 rounds=15 by=final_answer (126.199s)
[cap] refsoup_009 seed=0 cap=15: score=0.03 rounds=15 by=final_answer (50.417s)
[cap] refsoup_010 seed=0 cap=15: score=0.03 rounds=15 by=final_answer (76.97s)
[cap] refsoup_012 seed=0 cap=15: score=0.03 rounds=15 by=final_answer (69.296s)
[cap] refsoup_013 seed=0 cap=15: score=0.03 rounds=15 by=final_answer (92.039s)
[cap] refsoup_017 seed=0 cap=15: score=0.12 rounds=15 by=final_answer (64.005s)
[cap] refsoup_019 seed=0 cap=15: score=0.00 rounds=12 by=token_budget (87.977s)
[cap] refsoup_021 seed=0 cap=15: score=0.12 rounds=15 by=final_answer (83.136s)
[cap] refsoup_022 seed=0 cap=15: score=0.00 rounds=11 by=token_budget (81.109s)
[cap] refsoup_023 seed=0 cap=15: score=0.00 rounds=15 by=final_answer (87.673s)
[cap] refsoup_024 seed=0 cap=15: score=0.03 rounds=15 by=final_answer (106.742s)
[cap] refsoup_026 seed=0 cap=15: score=0.03 rounds=15 by=final_answer (82.1s)
[cap] refsoup_027 seed=0 cap=15: score=0.07 rounds=15 by=final_answer (94.794s)
[cap] refsoup_028 seed=0 cap=15: score=0.00 rounds=7 by=token_budget (106.3s)
[cap] refsoup_029 seed=0 cap=15: score=0.03 rounds=15 by=final_answer (117.462s)
[cap] refsoup_030 seed=0 cap=15: score=0.03 rounds=15 by=final_answer (84.066s)
[cap] refsoup_031 seed=0 cap=15: score=0.03 rounds=15 by=final_answer (73.773s)
[cap] refsoup_001 seed=0 cap=20: score=0.00 rounds=16 by=token_budget (94.311s)
[cap] refsoup_003 seed=0 cap=20: score=0.00 rounds=20 by=final_answer (110.472s)
[cap] refsoup_004 seed=0 cap=20: score=0.00 rounds=13 by=token_budget (129.55s)
[cap] refsoup_005 seed=0 cap=20: score=0.03 rounds=17 by=final_answer (132.201s)
[cap] refsoup_006 seed=0 cap=20: score=0.00 rounds=17 by=token_budget (108.949s)
[cap] refsoup_008 seed=0 cap=20: score=0.00 rounds=16 by=token_budget (162.887s)
[cap] refsoup_009 seed=0 cap=20: score=0.00 rounds=19 by=token_budget (90.71s)
[cap] refsoup_010 seed=0 cap=20: score=0.03 rounds=20 by=final_answer (89.962s)
[cap] refsoup_012 seed=0 cap=20: score=0.00 rounds=16 by=token_budget (180.329s)
[cap] refsoup_013 seed=0 cap=20: score=0.00 rounds=15 by=token_budget (108.945s)
[cap] refsoup_017 seed=0 cap=20: score=0.03 rounds=20 by=final_answer (111.704s)
[cap] refsoup_019 seed=0 cap=20: score=0.00 rounds=18 by=token_budget (81.667s)
[cap] refsoup_021 seed=0 cap=20: score=0.03 rounds=20 by=final_answer (85.498s)
[cap] refsoup_022 seed=0 cap=20: score=0.07 rounds=20 by=final_answer (105.794s)
[cap] refsoup_023 seed=0 cap=20: score=0.25 rounds=10 by=final_answer (81.298s)
[cap] refsoup_024 seed=0 cap=20: score=0.00 rounds=17 by=token_budget (122.938s)
[cap] refsoup_026 seed=0 cap=20: score=0.00 rounds=11 by=token_budget (93.328s)
[cap] refsoup_027 seed=0 cap=20: score=0.12 rounds=20 by=final_answer (99.345s)
[cap] refsoup_028 seed=0 cap=20: score=0.00 rounds=7 by=token_budget (99.199s)
[cap] refsoup_029 seed=0 cap=20: score=0.03 rounds=20 by=final_answer (98.079s)
[cap] refsoup_030 seed=0 cap=20: score=0.00 rounds=19 by=token_budget (88.784s)
[cap] refsoup_031 seed=0 cap=20: score=0.00 rounds=17 by=token_budget (80.867s)
[cap] refsoup_001 seed=0 cap=25: score=0.00 rounds=15 by=token_budget (73.043s)
[cap] refsoup_003 seed=0 cap=25: score=0.03 rounds=25 by=final_answer (146.134s)
[cap] refsoup_004 seed=0 cap=25: score=0.00 rounds=24 by=token_budget (120.939s)
[cap] refsoup_005 seed=0 cap=25: score=0.00 rounds=18 by=token_budget (84.305s)
[cap] refsoup_006 seed=0 cap=25: score=0.00 rounds=16 by=token_budget (86.999s)
[cap] refsoup_008 seed=0 cap=25: score=0.00 rounds=22 by=token_budget (94.623s)
[cap] refsoup_009 seed=0 cap=25: score=0.00 rounds=18 by=token_budget (80.485s)
[cap] refsoup_010 seed=0 cap=25: score=0.00 rounds=14 by=token_budget (124.826s)
[cap] refsoup_012 seed=0 cap=25: score=0.12 rounds=10 by=final_answer (66.226s)
[cap] refsoup_013 seed=0 cap=25: score=0.00 rounds=22 by=token_budget (132.236s)
[cap] refsoup_017 seed=0 cap=25: score=0.12 rounds=25 by=final_answer (143.373s)
[cap] refsoup_019 seed=0 cap=25: score=0.00 rounds=19 by=token_budget (85.762s)
[cap] refsoup_021 seed=0 cap=25: score=0.00 rounds=24 by=token_budget (99.189s)
[cap] refsoup_022 seed=0 cap=25: score=0.00 rounds=13 by=token_budget (124.508s)
[cap] refsoup_023 seed=0 cap=25: score=0.00 rounds=12 by=token_budget (191.856s)
[cap] refsoup_024 seed=0 cap=25: score=0.00 rounds=14 by=token_budget (191.633s)
[cap] refsoup_026 seed=0 cap=25: score=0.00 rounds=18 by=token_budget (86.657s)
[cap] refsoup_027 seed=0 cap=25: score=0.00 rounds=23 by=token_budget (151.112s)
[cap] refsoup_028 seed=0 cap=25: score=0.00 rounds=7 by=token_budget (112.507s)
[cap] refsoup_029 seed=0 cap=25: score=0.00 rounds=14 by=token_budget (69.419s)
[cap] refsoup_030 seed=0 cap=25: score=0.00 rounds=20 by=token_budget (113.523s)
[cap] refsoup_031 seed=0 cap=25: score=0.00 rounds=11 by=token_budget (108.833s)
[cap] refsoup_001 seed=0 cap=30: score=0.00 rounds=24 by=token_budget (108.04s)
[cap] refsoup_003 seed=0 cap=30: score=0.00 rounds=15 by=token_budget (108.58s)
[cap] refsoup_004 seed=0 cap=30: score=0.00 rounds=13 by=token_budget (142.763s)
[cap] refsoup_005 seed=0 cap=30: score=0.00 rounds=11 by=token_budget (197.848s)
[cap] refsoup_006 seed=0 cap=30: score=0.00 rounds=19 by=token_budget (94.554s)
[cap] refsoup_008 seed=0 cap=30: score=0.00 rounds=18 by=token_budget (92.942s)
[cap] refsoup_009 seed=0 cap=30: score=0.12 rounds=16 by=final_answer (82.338s)
[cap] refsoup_010 seed=0 cap=30: score=0.00 rounds=19 by=token_budget (93.323s)
[cap] refsoup_012 seed=0 cap=30: score=0.12 rounds=6 by=final_answer (29.053s)
[cap] refsoup_013 seed=0 cap=30: score=0.00 rounds=20 by=token_budget (87.498s)
[cap] refsoup_017 seed=0 cap=30: score=0.00 rounds=25 by=token_budget (134.469s)
[cap] refsoup_019 seed=0 cap=30: score=0.00 rounds=10 by=token_budget (110.691s)
[cap] refsoup_021 seed=0 cap=30: score=0.00 rounds=17 by=token_budget (89.925s)
[cap] refsoup_022 seed=0 cap=30: score=0.00 rounds=12 by=token_budget (140.947s)
[cap] refsoup_023 seed=0 cap=30: score=0.00 rounds=19 by=token_budget (99.588s)
[cap] refsoup_024 seed=0 cap=30: score=0.00 rounds=17 by=token_budget (83.84s)
[cap] refsoup_026 seed=0 cap=30: score=0.00 rounds=15 by=token_budget (71.346s)
[cap] refsoup_027 seed=0 cap=30: score=0.00 rounds=13 by=token_budget (80.069s)
[cap] refsoup_028 seed=0 cap=30: score=0.00 rounds=19 by=token_budget (91.505s)
[cap] refsoup_029 seed=0 cap=30: score=0.00 rounds=21 by=token_budget (83.499s)
[cap] refsoup_030 seed=0 cap=30: score=0.00 rounds=14 by=token_budget (107.406s)
[cap] refsoup_031 seed=0 cap=30: score=0.00 rounds=19 by=token_budget (121.758s)
Report: results/grid_2026_09/Qwen_Qwen3.5-4B_s0/caps/round_cap_sweep.json
HTML:   results/grid_2026_09/Qwen_Qwen3.5-4B_s0/caps/round_cap_sweep.html
