Your Tinker SDK version is outdated. Please upgrade to the latest version.
Warning: You are sending unauthenticated requests to the HF Hub. Please set a HF_TOKEN to enable higher rate limits and faster downloads.
[cap] refsoup_001 seed=0 cap=5: score=0.03 rounds=5 by=final_answer (40.629s)
[cap] refsoup_003 seed=0 cap=5: score=0.03 rounds=5 by=final_answer (25.938s)
[cap] refsoup_004 seed=0 cap=5: score=0.12 rounds=5 by=final_answer (35.19s)
[cap] refsoup_005 seed=0 cap=5: score=0.12 rounds=5 by=final_answer (33.683s)
[cap] refsoup_006 seed=0 cap=5: score=0.03 rounds=5 by=final_answer (52.925s)
[cap] refsoup_008 seed=0 cap=5: score=0.65 rounds=5 by=final_answer (24.387s)
[cap] refsoup_009 seed=0 cap=5: score=0.21 rounds=5 by=final_answer (23.968s)
[cap] refsoup_010 seed=0 cap=5: score=0.12 rounds=5 by=final_answer (51.868s)
[cap] refsoup_012 seed=0 cap=5: score=0.07 rounds=5 by=final_answer (46.929s)
[cap] refsoup_013 seed=0 cap=5: score=0.30 rounds=4 by=final_answer (17.257s)
[cap] refsoup_017 seed=0 cap=5: score=0.03 rounds=5 by=final_answer (24.6s)
[cap] refsoup_019 seed=0 cap=5: score=0.44 rounds=5 by=final_answer (31.221s)
[cap] refsoup_021 seed=0 cap=5: score=0.03 rounds=5 by=final_answer (48.966s)
[cap] refsoup_022 seed=0 cap=5: score=0.12 rounds=5 by=final_answer (25.661s)
[cap] refsoup_023 seed=0 cap=5: score=0.03 rounds=5 by=final_answer (43.527s)
[cap] refsoup_024 seed=0 cap=5: score=0.47 rounds=5 by=final_answer (22.491s)
[cap] refsoup_026 seed=0 cap=5: score=0.03 rounds=5 by=final_answer (30.913s)
[cap] refsoup_027 seed=0 cap=5: score=0.12 rounds=5 by=final_answer (29.299s)
[cap] refsoup_028 seed=0 cap=5: score=0.24 rounds=5 by=final_answer (41.682s)
[cap] refsoup_029 seed=0 cap=5: score=0.26 rounds=5 by=final_answer (47.386s)
[cap] refsoup_030 seed=0 cap=5: score=0.03 rounds=5 by=final_answer (26.142s)
[cap] refsoup_031 seed=0 cap=5: score=0.26 rounds=5 by=final_answer (50.844s)
[cap] refsoup_001 seed=0 cap=10: score=0.03 rounds=10 by=final_answer (37.645s)
[cap] refsoup_003 seed=0 cap=10: score=0.03 rounds=10 by=final_answer (38.114s)
[cap] refsoup_004 seed=0 cap=10: score=0.12 rounds=10 by=final_answer (38.398s)
[cap] refsoup_005 seed=0 cap=10: score=0.12 rounds=10 by=final_answer (63.334s)
[cap] refsoup_006 seed=0 cap=10: score=0.12 rounds=10 by=final_answer (38.844s)
[cap] refsoup_008 seed=0 cap=10: score=0.65 rounds=6 by=final_answer (25.259s)
[cap] refsoup_009 seed=0 cap=10: score=0.47 rounds=10 by=final_answer (37.626s)
[cap] refsoup_010 seed=0 cap=10: score=0.12 rounds=10 by=final_answer (45.981s)
[cap] refsoup_012 seed=0 cap=10: score=0.03 rounds=10 by=final_answer (71.112s)
[cap] refsoup_013 seed=0 cap=10: score=0.53 rounds=10 by=final_answer (42.954s)
[cap] refsoup_017 seed=0 cap=10: score=0.03 rounds=10 by=final_answer (67.493s)
[cap] refsoup_019 seed=0 cap=10: score=0.44 rounds=10 by=final_answer (46.437s)
[cap] refsoup_021 seed=0 cap=10: score=0.03 rounds=10 by=final_answer (57.885s)
[cap] refsoup_022 seed=0 cap=10: score=0.21 rounds=10 by=final_answer (38.878s)
[cap] refsoup_023 seed=0 cap=10: score=0.03 rounds=10 by=final_answer (60.479s)
[cap] refsoup_024 seed=0 cap=10: score=0.03 rounds=10 by=final_answer (42.735s)
[cap] refsoup_026 seed=0 cap=10: score=0.03 rounds=10 by=final_answer (39.354s)
[cap] refsoup_027 seed=0 cap=10: score=0.03 rounds=10 by=final_answer (47.206s)
[cap] refsoup_028 seed=0 cap=10: score=0.35 rounds=10 by=final_answer (76.978s)
[cap] refsoup_029 seed=0 cap=10: score=0.26 rounds=10 by=final_answer (68.314s)
[cap] refsoup_030 seed=0 cap=10: score=0.15 rounds=10 by=final_answer (65.015s)
[cap] refsoup_031 seed=0 cap=10: score=0.26 rounds=10 by=final_answer (47.97s)
[cap] refsoup_001 seed=0 cap=15: score=0.03 rounds=15 by=final_answer (55.826s)
[cap] refsoup_003 seed=0 cap=15: score=0.03 rounds=15 by=final_answer (53.892s)
[cap] refsoup_004 seed=0 cap=15: score=0.26 rounds=15 by=final_answer (84.048s)
[cap] refsoup_005 seed=0 cap=15: score=0.03 rounds=15 by=final_answer (84.599s)
[cap] refsoup_006 seed=0 cap=15: score=0.12 rounds=15 by=final_answer (78.553s)
[cap] refsoup_008 seed=0 cap=15: score=0.65 rounds=7 by=final_answer (29.847s)
[cap] refsoup_009 seed=0 cap=15: score=0.26 rounds=15 by=final_answer (67.63s)
[cap] refsoup_010 seed=0 cap=15: score=0.12 rounds=15 by=final_answer (83.919s)
[cap] refsoup_012 seed=0 cap=15: score=0.03 rounds=15 by=final_answer (56.987s)
[cap] refsoup_013 seed=0 cap=15: score=0.30 rounds=4 by=final_answer (17.755s)
[cap] refsoup_017 seed=0 cap=15: score=0.25 rounds=15 by=final_answer (74.255s)
[cap] refsoup_019 seed=0 cap=15: score=0.30 rounds=15 by=final_answer (59.8s)
[cap] refsoup_021 seed=0 cap=15: score=0.07 rounds=15 by=final_answer (87.415s)
[cap] refsoup_022 seed=0 cap=15: score=0.21 rounds=15 by=final_answer (55.302s)
[cap] refsoup_023 seed=0 cap=15: score=0.03 rounds=15 by=final_answer (80.459s)
[cap] refsoup_024 seed=0 cap=15: score=0.12 rounds=15 by=final_answer (81.778s)
[cap] refsoup_026 seed=0 cap=15: score=0.15 rounds=15 by=final_answer (82.995s)
[cap] refsoup_027 seed=0 cap=15: score=0.03 rounds=15 by=final_answer (61.215s)
[cap] refsoup_028 seed=0 cap=15: score=0.03 rounds=15 by=final_answer (67.833s)
[cap] refsoup_029 seed=0 cap=15: score=0.15 rounds=15 by=final_answer (81.272s)
[cap] refsoup_030 seed=0 cap=15: score=0.03 rounds=15 by=final_answer (80.242s)
[cap] refsoup_031 seed=0 cap=15: score=0.12 rounds=15 by=final_answer (59.233s)
[cap] refsoup_001 seed=0 cap=20: score=0.03 rounds=20 by=final_answer (93.252s)
[cap] refsoup_003 seed=0 cap=20: score=0.03 rounds=20 by=final_answer (71.048s)
[cap] refsoup_004 seed=0 cap=20: score=0.03 rounds=20 by=final_answer (100.39s)
[cap] refsoup_005 seed=0 cap=20: score=0.21 rounds=20 by=final_answer (73.135s)
[cap] refsoup_006 seed=0 cap=20: score=0.03 rounds=20 by=final_answer (100.997s)
[cap] refsoup_008 seed=0 cap=20: score=0.77 rounds=7 by=final_answer (25.938s)
[cap] refsoup_009 seed=0 cap=20: score=0.47 rounds=7 by=final_answer (27.718s)
[cap] refsoup_010 seed=0 cap=20: score=0.12 rounds=20 by=final_answer (113.983s)
[cap] refsoup_012 seed=0 cap=20: score=0.03 rounds=20 by=final_answer (119.558s)
[cap] refsoup_013 seed=0 cap=20: score=0.30 rounds=20 by=final_answer (75.359s)
[cap] refsoup_017 seed=0 cap=20: score=0.12 rounds=20 by=final_answer (78.875s)
[cap] refsoup_019 seed=0 cap=20: score=0.21 rounds=20 by=final_answer (96.138s)
[cap] refsoup_021 seed=0 cap=20: score=0.03 rounds=20 by=final_answer (140.21s)
[cap] refsoup_022 seed=0 cap=20: score=0.39 rounds=20 by=final_answer (77.132s)
[cap] refsoup_023 seed=0 cap=20: score=0.03 rounds=20 by=final_answer (78.631s)
[cap] refsoup_024 seed=0 cap=20: score=0.03 rounds=20 by=final_answer (86.715s)
[cap] refsoup_026 seed=0 cap=20: score=0.15 rounds=20 by=final_answer (104.473s)
[cap] refsoup_027 seed=0 cap=20: score=0.03 rounds=20 by=final_answer (122.568s)
[cap] refsoup_028 seed=0 cap=20: score=0.12 rounds=20 by=final_answer (110.325s)
[cap] refsoup_029 seed=0 cap=20: score=0.15 rounds=20 by=final_answer (96.606s)
[cap] refsoup_030 seed=0 cap=20: score=0.03 rounds=20 by=final_answer (70.532s)
[cap] refsoup_031 seed=0 cap=20: score=0.26 rounds=20 by=final_answer (99.329s)
[cap] refsoup_001 seed=0 cap=25: score=0.01 rounds=25 by=final_answer (112.368s)
[cap] refsoup_003 seed=0 cap=25: score=0.03 rounds=25 by=final_answer (89.153s)
[cap] refsoup_004 seed=0 cap=25: score=0.31 rounds=25 by=final_answer (117.412s)
[cap] refsoup_005 seed=0 cap=25: score=0.20 rounds=25 by=final_answer (110.003s)
[cap] refsoup_006 seed=0 cap=25: score=0.01 rounds=25 by=final_answer (127.11s)
[cap] refsoup_008 seed=0 cap=25: score=0.77 rounds=6 by=final_answer (24.063s)
[cap] refsoup_009 seed=0 cap=25: score=0.12 rounds=16 by=final_answer (55.897s)
[cap] refsoup_010 seed=0 cap=25: score=0.03 rounds=25 by=final_answer (114.152s)
[cap] refsoup_012 seed=0 cap=25: score=0.03 rounds=25 by=final_answer (126.404s)
[cap] refsoup_013 seed=0 cap=25: score=0.30 rounds=8 by=final_answer (30.433s)
[cap] refsoup_017 seed=0 cap=25: score=0.03 rounds=25 by=final_answer (118.456s)
[cap] refsoup_019 seed=0 cap=25: score=0.35 rounds=25 by=final_answer (99.164s)
[cap] refsoup_021 seed=0 cap=25: score=0.03 rounds=25 by=final_answer (120.082s)
[cap] refsoup_022 seed=0 cap=25: score=0.29 rounds=25 by=final_answer (119.069s)
[cap] refsoup_023 seed=0 cap=25: score=0.25 rounds=25 by=final_answer (127.169s)
[cap] refsoup_024 seed=0 cap=25: score=0.60 rounds=18 by=final_answer (62.13s)
[cap] refsoup_026 seed=0 cap=25: score=0.15 rounds=25 by=final_answer (92.837s)
[cap] refsoup_027 seed=0 cap=25: score=0.03 rounds=22 by=final_answer (89.945s)
[cap] refsoup_028 seed=0 cap=25: score=0.03 rounds=25 by=final_answer (115.198s)
[cap] refsoup_029 seed=0 cap=25: score=0.03 rounds=25 by=final_answer (150.096s)
[cap] refsoup_030 seed=0 cap=25: score=0.03 rounds=25 by=final_answer (155.238s)
[cap] refsoup_031 seed=0 cap=25: score=0.26 rounds=25 by=final_answer (124.52s)
[cap] refsoup_001 seed=0 cap=30: score=0.03 rounds=30 by=final_answer (106.143s)
[cap] refsoup_003 seed=0 cap=30: score=0.01 rounds=30 by=final_answer (209.909s)
[cap] refsoup_004 seed=0 cap=30: score=0.26 rounds=30 by=final_answer (176.718s)
[cap] refsoup_005 seed=0 cap=30: score=0.20 rounds=30 by=final_answer (213.471s)
[cap] refsoup_006 seed=0 cap=30: score=0.15 rounds=30 by=final_answer (226.003s)
[cap] refsoup_008 seed=0 cap=30: score=0.53 rounds=8 by=final_answer (48.634s)
[cap] refsoup_009 seed=0 cap=30: score=0.47 rounds=30 by=final_answer (119.124s)
[cap] refsoup_010 seed=0 cap=30: score=0.12 rounds=30 by=final_answer (154.442s)
[cap] refsoup_012 seed=0 cap=30: score=0.01 rounds=30 by=final_answer (149.601s)
[cap] refsoup_013 seed=0 cap=30: score=0.30 rounds=4 by=final_answer (23.375s)
[cap] refsoup_017 seed=0 cap=30: score=0.03 rounds=30 by=final_answer (135.188s)
[cap] refsoup_019 seed=0 cap=30: score=0.35 rounds=30 by=final_answer (115.952s)
[cap] refsoup_021 seed=0 cap=30: score=0.03 rounds=30 by=final_answer (119.087s)
[cap] refsoup_022 seed=0 cap=30: score=0.39 rounds=30 by=final_answer (106.699s)
[cap] refsoup_023 seed=0 cap=30: score=0.00 rounds=30 by=final_answer (198.797s)
[cap] refsoup_024 seed=0 cap=30: score=0.12 rounds=30 by=final_answer (108.993s)
[cap] refsoup_026 seed=0 cap=30: score=0.03 rounds=30 by=final_answer (134.315s)
[cap] refsoup_027 seed=0 cap=30: score=0.03 rounds=30 by=final_answer (110.65s)
[cap] refsoup_028 seed=0 cap=30: score=0.24 rounds=30 by=final_answer (144.243s)
[cap] refsoup_029 seed=0 cap=30: score=0.15 rounds=30 by=final_answer (135.433s)
[cap] refsoup_030 seed=0 cap=30: score=0.00 rounds=30 by=final_answer (137.409s)
[cap] refsoup_031 seed=0 cap=30: score=0.12 rounds=30 by=final_answer (175.658s)
Report: results/grid_2026_09/Qwen_Qwen3.6-27B_s0/caps/round_cap_sweep.json
HTML:   results/grid_2026_09/Qwen_Qwen3.6-27B_s0/caps/round_cap_sweep.html
