Warning: You are sending unauthenticated requests to the HF Hub. Please set a HF_TOKEN to enable higher rate limits and faster downloads.
[curve] refsoup_001 seed=0: rounds=30 end=None (651.786s)
[curve] refsoup_003 seed=0: rounds=30 end=None (927.983s)
[curve] refsoup_004 seed=0: rounds=30 end=None (925.257s)
[curve] refsoup_005 seed=0: rounds=30 end=None (711.721s)
[curve] refsoup_006 seed=0: rounds=30 end=None (753.591s)
[curve] refsoup_008 seed=0: rounds=11 end=11 (137.339s)
[curve] refsoup_009 seed=0: rounds=30 end=None (388.136s)
[curve] refsoup_010 seed=0: rounds=30 end=None (1072.74s)
[curve] refsoup_012 seed=0: rounds=30 end=None (1122.462s)
[curve] refsoup_013 seed=0: rounds=9 end=9 (100.545s)
[curve] refsoup_017 seed=0: rounds=30 end=None (633.005s)
[curve] refsoup_019 seed=0: rounds=30 end=None (427.592s)
[curve] refsoup_021 seed=0: rounds=30 end=None (984.922s)
[curve] refsoup_022 seed=0: rounds=30 end=None (392.202s)
[curve] refsoup_023 seed=0: rounds=30 end=None (802.151s)
[curve] refsoup_024 seed=0: rounds=30 end=None (725.956s)
[curve] refsoup_026 seed=0: rounds=30 end=None (434.911s)
[curve] refsoup_027 seed=0: rounds=30 end=None (462.16s)
[curve] refsoup_028 seed=0: rounds=30 end=None (860.234s)
[curve] refsoup_029 seed=0: rounds=30 end=None (1137.813s)
[curve] refsoup_030 seed=0: rounds=30 end=None (838.202s)
[curve] refsoup_031 seed=0: rounds=30 end=None (518.981s)
Report: results/grid_2026_09/Qwen_Qwen3.6-27B_s0/curve/round_curve.json
HTML:   results/grid_2026_09/Qwen_Qwen3.6-27B_s0/curve/round_curve.html
